Archive member included because of file (symbol)

/private/var/folders/1r/fqklkkzx6z5cg_jx0vd7xybm0000gn/T/arduino/sketches/0C3D3A2ED5CD0195F22749C22C5A3AD0/core/core.a(SERCOM.cpp.o)
                              /private/var/folders/1r/fqklkkzx6z5cg_jx0vd7xybm0000gn/T/arduino/sketches/0C3D3A2ED5CD0195F22749C22C5A3AD0/core/variant.cpp.o (SERCOM::SERCOM(Sercom*))
/private/var/folders/1r/fqklkkzx6z5cg_jx0vd7xybm0000gn/T/arduino/sketches/0C3D3A2ED5CD0195F22749C22C5A3AD0/core/core.a(Stream.cpp.o)
                              /private/var/folders/1r/fqklkkzx6z5cg_jx0vd7xybm0000gn/T/arduino/sketches/0C3D3A2ED5CD0195F22749C22C5A3AD0/sketch/MuxTO.ino.cpp.o (Stream::readBytes(char*, unsigned int))
/private/var/folders/1r/fqklkkzx6z5cg_jx0vd7xybm0000gn/T/arduino/sketches/0C3D3A2ED5CD0195F22749C22C5A3AD0/core/core.a(CDC.cpp.o)
                              /private/var/folders/1r/fqklkkzx6z5cg_jx0vd7xybm0000gn/T/arduino/sketches/0C3D3A2ED5CD0195F22749C22C5A3AD0/sketch/MuxTO.ino.cpp.o (Serial_::availableForWrite())
/private/var/folders/1r/fqklkkzx6z5cg_jx0vd7xybm0000gn/T/arduino/sketches/0C3D3A2ED5CD0195F22749C22C5A3AD0/core/core.a(USBCore.cpp.o)
                              /private/var/folders/1r/fqklkkzx6z5cg_jx0vd7xybm0000gn/T/arduino/sketches/0C3D3A2ED5CD0195F22749C22C5A3AD0/core/core.a(CDC.cpp.o) (USBDeviceClass::available(unsigned long))
/private/var/folders/1r/fqklkkzx6z5cg_jx0vd7xybm0000gn/T/arduino/sketches/0C3D3A2ED5CD0195F22749C22C5A3AD0/core/core.a(Uart.cpp.o)
                              /private/var/folders/1r/fqklkkzx6z5cg_jx0vd7xybm0000gn/T/arduino/sketches/0C3D3A2ED5CD0195F22749C22C5A3AD0/sketch/MuxTO.ino.cpp.o (Uart::end())
/private/var/folders/1r/fqklkkzx6z5cg_jx0vd7xybm0000gn/T/arduino/sketches/0C3D3A2ED5CD0195F22749C22C5A3AD0/core/core.a(WString.cpp.o)
                              /private/var/folders/1r/fqklkkzx6z5cg_jx0vd7xybm0000gn/T/arduino/sketches/0C3D3A2ED5CD0195F22749C22C5A3AD0/core/core.a(Stream.cpp.o) (String::String(char const*))
/private/var/folders/1r/fqklkkzx6z5cg_jx0vd7xybm0000gn/T/arduino/sketches/0C3D3A2ED5CD0195F22749C22C5A3AD0/core/core.a(abi.cpp.o)
                              /private/var/folders/1r/fqklkkzx6z5cg_jx0vd7xybm0000gn/T/arduino/sketches/0C3D3A2ED5CD0195F22749C22C5A3AD0/core/core.a(USBCore.cpp.o) (__cxa_pure_virtual)
/private/var/folders/1r/fqklkkzx6z5cg_jx0vd7xybm0000gn/T/arduino/sketches/0C3D3A2ED5CD0195F22749C22C5A3AD0/core/core.a(dtostrf.c.o)
                              /private/var/folders/1r/fqklkkzx6z5cg_jx0vd7xybm0000gn/T/arduino/sketches/0C3D3A2ED5CD0195F22749C22C5A3AD0/core/core.a(WString.cpp.o) (dtostrf)
/private/var/folders/1r/fqklkkzx6z5cg_jx0vd7xybm0000gn/T/arduino/sketches/0C3D3A2ED5CD0195F22749C22C5A3AD0/core/core.a(cortex_handlers.c.o)
                              (Reset_Handler)
/private/var/folders/1r/fqklkkzx6z5cg_jx0vd7xybm0000gn/T/arduino/sketches/0C3D3A2ED5CD0195F22749C22C5A3AD0/core/core.a(delay.c.o)
                              /private/var/folders/1r/fqklkkzx6z5cg_jx0vd7xybm0000gn/T/arduino/sketches/0C3D3A2ED5CD0195F22749C22C5A3AD0/sketch/MuxTO.ino.cpp.o (millis)
/private/var/folders/1r/fqklkkzx6z5cg_jx0vd7xybm0000gn/T/arduino/sketches/0C3D3A2ED5CD0195F22749C22C5A3AD0/core/core.a(hooks.c.o)
                              /private/var/folders/1r/fqklkkzx6z5cg_jx0vd7xybm0000gn/T/arduino/sketches/0C3D3A2ED5CD0195F22749C22C5A3AD0/core/core.a(delay.c.o) (yield)
/private/var/folders/1r/fqklkkzx6z5cg_jx0vd7xybm0000gn/T/arduino/sketches/0C3D3A2ED5CD0195F22749C22C5A3AD0/core/core.a(itoa.c.o)
                              /private/var/folders/1r/fqklkkzx6z5cg_jx0vd7xybm0000gn/T/arduino/sketches/0C3D3A2ED5CD0195F22749C22C5A3AD0/core/core.a(WString.cpp.o) (ltoa)
/private/var/folders/1r/fqklkkzx6z5cg_jx0vd7xybm0000gn/T/arduino/sketches/0C3D3A2ED5CD0195F22749C22C5A3AD0/core/core.a(main.cpp.o)
                              /Users/elliot/Library/Arduino15/packages/arduino/tools/arm-none-eabi-gcc/4.8.3-2014q1/bin/../lib/gcc/arm-none-eabi/4.8.3/../../../../arm-none-eabi/lib/armv6-m/crt0.o (main)
/private/var/folders/1r/fqklkkzx6z5cg_jx0vd7xybm0000gn/T/arduino/sketches/0C3D3A2ED5CD0195F22749C22C5A3AD0/core/core.a(new.cpp.o)
                              /private/var/folders/1r/fqklkkzx6z5cg_jx0vd7xybm0000gn/T/arduino/sketches/0C3D3A2ED5CD0195F22749C22C5A3AD0/core/core.a(USBCore.cpp.o) (operator new(unsigned int))
/private/var/folders/1r/fqklkkzx6z5cg_jx0vd7xybm0000gn/T/arduino/sketches/0C3D3A2ED5CD0195F22749C22C5A3AD0/core/core.a(startup.c.o)
                              /private/var/folders/1r/fqklkkzx6z5cg_jx0vd7xybm0000gn/T/arduino/sketches/0C3D3A2ED5CD0195F22749C22C5A3AD0/core/core.a(cortex_handlers.c.o) (SystemInit)
/private/var/folders/1r/fqklkkzx6z5cg_jx0vd7xybm0000gn/T/arduino/sketches/0C3D3A2ED5CD0195F22749C22C5A3AD0/core/core.a(wiring.c.o)
                              /private/var/folders/1r/fqklkkzx6z5cg_jx0vd7xybm0000gn/T/arduino/sketches/0C3D3A2ED5CD0195F22749C22C5A3AD0/core/core.a(main.cpp.o) (init)
[...]
Memory Configuration

Name             Origin             Length             Attributes
FLASH            0x0000000000000000 0x0000000000004000 xr
RAM              0x0000000020000000 0x0000000000001000 xrw
*default*        0x0000000000000000 0xffffffffffffffff

Linker script and memory map

LOAD /Users/elliot/Library/Arduino15/packages/arduino/tools/arm-none-eabi-gcc/4.8.3-2014q1/bin/../lib/gcc/arm-none-eabi/4.8.3/armv6-m/crti.o
LOAD /Users/elliot/Library/Arduino15/packages/arduino/tools/arm-none-eabi-gcc/4.8.3-2014q1/bin/../lib/gcc/arm-none-eabi/4.8.3/armv6-m/crtbegin.o
LOAD /Users/elliot/Library/Arduino15/packages/arduino/tools/arm-none-eabi-gcc/4.8.3-2014q1/bin/../lib/gcc/arm-none-eabi/4.8.3/../../../../arm-none-eabi/lib/armv6-m/crt0.o
LOAD /private/var/folders/1r/fqklkkzx6z5cg_jx0vd7xybm0000gn/T/arduino/sketches/0C3D3A2ED5CD0195F22749C22C5A3AD0/sketch/JICE_io.cpp.o
LOAD /private/var/folders/1r/fqklkkzx6z5cg_jx0vd7xybm0000gn/T/arduino/sketches/0C3D3A2ED5CD0195F22749C22C5A3AD0/sketch/JTAG2.cpp.o
LOAD /private/var/folders/1r/fqklkkzx6z5cg_jx0vd7xybm0000gn/T/arduino/sketches/0C3D3A2ED5CD0195F22749C22C5A3AD0/sketch/MuxTO.ino.cpp.o
LOAD /private/var/folders/1r/fqklkkzx6z5cg_jx0vd7xybm0000gn/T/arduino/sketches/0C3D3A2ED5CD0195F22749C22C5A3AD0/sketch/UPDI_hi_lvl.cpp.o
LOAD /private/var/folders/1r/fqklkkzx6z5cg_jx0vd7xybm0000gn/T/arduino/sketches/0C3D3A2ED5CD0195F22749C22C5A3AD0/sketch/UPDI_lo_lvl.cpp.o
LOAD /private/var/folders/1r/fqklkkzx6z5cg_jx0vd7xybm0000gn/T/arduino/sketches/0C3D3A2ED5CD0195F22749C22C5A3AD0/sketch/crc16.cpp.o
LOAD /private/var/folders/1r/fqklkkzx6z5cg_jx0vd7xybm0000gn/T/arduino/sketches/0C3D3A2ED5CD0195F22749C22C5A3AD0/sketch/sys.cpp.o
LOAD /private/var/folders/1r/fqklkkzx6z5cg_jx0vd7xybm0000gn/T/arduino/sketches/0C3D3A2ED5CD0195F22749C22C5A3AD0/sketch/updi_io.cpp.o
LOAD /private/var/folders/1r/fqklkkzx6z5cg_jx0vd7xybm0000gn/T/arduino/sketches/0C3D3A2ED5CD0195F22749C22C5A3AD0/sketch/updi_io_soft.cpp.o
LOAD /private/var/folders/1r/fqklkkzx6z5cg_jx0vd7xybm0000gn/T/arduino/sketches/0C3D3A2ED5CD0195F22749C22C5A3AD0/core/variant.cpp.o
START GROUP
LOAD /Users/elliot/Library/Arduino15/packages/arduino/tools/CMSIS/4.5.0/CMSIS/Lib/GCC//libarm_cortexM0l_math.a
LOAD /Users/elliot/Library/Arduino15/packages/arduino/tools/arm-none-eabi-gcc/4.8.3-2014q1/bin/../lib/gcc/arm-none-eabi/4.8.3/../../../../arm-none-eabi/lib/armv6-m/libm.a
LOAD /private/var/folders/1r/fqklkkzx6z5cg_jx0vd7xybm0000gn/T/arduino/sketches/0C3D3A2ED5CD0195F22749C22C5A3AD0/core/core.a
END GROUP
START GROUP
LOAD /Users/elliot/Library/Arduino15/packages/arduino/tools/arm-none-eabi-gcc/4.8.3-2014q1/bin/../lib/gcc/arm-none-eabi/4.8.3/armv6-m/libgcc.a
LOAD /Users/elliot/Library/Arduino15/packages/arduino/tools/arm-none-eabi-gcc/4.8.3-2014q1/bin/../lib/gcc/arm-none-eabi/4.8.3/../../../../arm-none-eabi/lib/armv6-m/libc_s.a
END GROUP
START GROUP
LOAD /Users/elliot/Library/Arduino15/packages/arduino/tools/arm-none-eabi-gcc/4.8.3-2014q1/bin/../lib/gcc/arm-none-eabi/4.8.3/armv6-m/libgcc.a
LOAD /Users/elliot/Library/Arduino15/packages/arduino/tools/arm-none-eabi-gcc/4.8.3-2014q1/bin/../lib/gcc/arm-none-eabi/4.8.3/../../../../arm-none-eabi/lib/armv6-m/libc_s.a
LOAD /Users/elliot/Library/Arduino15/packages/arduino/tools/arm-none-eabi-gcc/4.8.3-2014q1/bin/../lib/gcc/arm-none-eabi/4.8.3/../../../../arm-none-eabi/lib/armv6-m/libnosys.a
END GROUP
START GROUP
LOAD /Users/elliot/Library/Arduino15/packages/arduino/tools/arm-none-eabi-gcc/4.8.3-2014q1/bin/../lib/gcc/arm-none-eabi/4.8.3/armv6-m/libgcc.a
LOAD /Users/elliot/Library/Arduino15/packages/arduino/tools/arm-none-eabi-gcc/4.8.3-2014q1/bin/../lib/gcc/arm-none-eabi/4.8.3/../../../../arm-none-eabi/lib/armv6-m/libc_s.a
LOAD /Users/elliot/Library/Arduino15/packages/arduino/tools/arm-none-eabi-gcc/4.8.3-2014q1/bin/../lib/gcc/arm-none-eabi/4.8.3/../../../../arm-none-eabi/lib/armv6-m/libnosys.a
END GROUP
LOAD /Users/elliot/Library/Arduino15/packages/arduino/tools/arm-none-eabi-gcc/4.8.3-2014q1/bin/../lib/gcc/arm-none-eabi/4.8.3/armv6-m/crtend.o
LOAD /Users/elliot/Library/Arduino15/packages/arduino/tools/arm-none-eabi-gcc/4.8.3-2014q1/bin/../lib/gcc/arm-none-eabi/4.8.3/armv6-m/crtn.o

.text           0x0000000000000000     0x2ee0
                0x0000000000000000                __text_start__ = .
 *(.isr_vector)
 .isr_vector    0x0000000000000000       0x8c /private/var/folders/1r/fqklkkzx6z5cg_jx0vd7xybm0000gn/T/arduino/sketches/0C3D3A2ED5CD0195F22749C22C5A3AD0/core/core.a(cortex_handlers.c.o)
                0x0000000000000000                exception_table
 *(.text*)
 .text          0x000000000000008c       0x60 /Users/elliot/Library/Arduino15/packages/arduino/tools/arm-none-eabi-gcc/4.8.3-2014q1/bin/../lib/gcc/arm-none-eabi/4.8.3/armv6-m/crtbegin.o
 .text._ZN7JICE_io4initEv
                0x00000000000000ec       0x14 /private/var/folders/1r/fqklkkzx6z5cg_jx0vd7xybm0000gn/T/arduino/sketches/0C3D3A2ED5CD0195F22749C22C5A3AD0/sketch/JICE_io.cpp.o
                0x00000000000000ec                JICE_io::init()
 .text._ZN7JICE_io8set_baudEN5JTAG29baud_rateE
                0x0000000000000100        0x2 /private/var/folders/1r/fqklkkzx6z5cg_jx0vd7xybm0000gn/T/arduino/sketches/0C3D3A2ED5CD0195F22749C22C5A3AD0/sketch/JICE_io.cpp.o
                0x0000000000000100                JICE_io::set_baud(JTAG2::baud_rate)
 *fill*         0x0000000000000102        0x2 
 .text._ZN7JICE_io3putEc
                0x0000000000000104       0x14 /private/var/folders/1r/fqklkkzx6z5cg_jx0vd7xybm0000gn/T/arduino/sketches/0C3D3A2ED5CD0195F22749C22C5A3AD0/sketch/JICE_io.cpp.o
                0x0000000000000104                JICE_io::put(char)
 .text._ZN7JICE_io3getEv
                0x0000000000000118       0x10 /private/var/folders/1r/fqklkkzx6z5cg_jx0vd7xybm0000gn/T/arduino/sketches/0C3D3A2ED5CD0195F22749C22C5A3AD0/sketch/JICE_io.cpp.o
                0x0000000000000118                JICE_io::get()
 .text._ZN7JICE_io5flushEv
                0x0000000000000128       0x10 /private/var/folders/1r/fqklkkzx6z5cg_jx0vd7xybm0000gn/T/arduino/sketches/0C3D3A2ED5CD0195F22749C22C5A3AD0/sketch/JICE_io.cpp.o
                0x0000000000000128                JICE_io::flush()
 .text._ZZN12_GLOBAL__N_118NVM_buffered_writeEtthhENKUlhhE_clEhh.isra.0
                0x0000000000000138       0x5c /private/var/folders/1r/fqklkkzx6z5cg_jx0vd7xybm0000gn/T/arduino/sketches/0C3D3A2ED5CD0195F22749C22C5A3AD0/sketch/JTAG2.cpp.o
 .text._ZN5JTAG27receiveEv
                0x0000000000000194       0xa0 /private/var/folders/1r/fqklkkzx6z5cg_jx0vd7xybm0000gn/T/arduino/sketches/0C3D3A2ED5CD0195F22749C22C5A3AD0/sketch/JTAG2.cpp.o
                0x0000000000000194                JTAG2::receive()
 .text._ZN5JTAG26answerEv
                0x0000000000000234       0x74 /private/var/folders/1r/fqklkkzx6z5cg_jx0vd7xybm0000gn/T/arduino/sketches/0C3D3A2ED5CD0195F22749C22C5A3AD0/sketch/JTAG2.cpp.o
                0x0000000000000234                JTAG2::answer()
 .text._ZN5JTAG210delay_execEv
                0x00000000000002a8       0x14 /private/var/folders/1r/fqklkkzx6z5cg_jx0vd7xybm0000gn/T/arduino/sketches/0C3D3A2ED5CD0195F22749C22C5A3AD0/sketch/JTAG2.cpp.o
                0x00000000000002a8                JTAG2::delay_exec()
 .text._ZN5JTAG210set_statusEh
                0x00000000000002bc       0x14 /private/var/folders/1r/fqklkkzx6z5cg_jx0vd7xybm0000gn/T/arduino/sketches/0C3D3A2ED5CD0195F22749C22C5A3AD0/sketch/JTAG2.cpp.o
                0x00000000000002bc                JTAG2::set_status(unsigned char)
 .text._ZN5JTAG27sign_onEv
                0x00000000000002d0       0x50 /private/var/folders/1r/fqklkkzx6z5cg_jx0vd7xybm0000gn/T/arduino/sketches/0C3D3A2ED5CD0195F22749C22C5A3AD0/sketch/JTAG2.cpp.o
                0x00000000000002d0                JTAG2::sign_on()
 .text._ZN5JTAG213get_parameterEv
                0x0000000000000320       0x84 /private/var/folders/1r/fqklkkzx6z5cg_jx0vd7xybm0000gn/T/arduino/sketches/0C3D3A2ED5CD0195F22749C22C5A3AD0/sketch/JTAG2.cpp.o
                0x0000000000000320                JTAG2::get_parameter()
 .text._ZN5JTAG213set_parameterEv
                0x00000000000003a4       0x34 /private/var/folders/1r/fqklkkzx6z5cg_jx0vd7xybm0000gn/T/arduino/sketches/0C3D3A2ED5CD0195F22749C22C5A3AD0/sketch/JTAG2.cpp.o
                0x00000000000003a4                JTAG2::set_parameter()
 .text._ZN5JTAG221set_device_descriptorEv
                0x00000000000003d8       0x2c /private/var/folders/1r/fqklkkzx6z5cg_jx0vd7xybm0000gn/T/arduino/sketches/0C3D3A2ED5CD0195F22749C22C5A3AD0/sketch/JTAG2.cpp.o
                0x00000000000003d8                JTAG2::set_device_descriptor()
 .text._ZN5JTAG214leave_progmodeEv
                0x0000000000000404       0x38 /private/var/folders/1r/fqklkkzx6z5cg_jx0vd7xybm0000gn/T/arduino/sketches/0C3D3A2ED5CD0195F22749C22C5A3AD0/sketch/JTAG2.cpp.o
                0x0000000000000404                JTAG2::leave_progmode()
 .text._ZN5JTAG28read_memEv
                0x000000000000043c       0x6c /private/var/folders/1r/fqklkkzx6z5cg_jx0vd7xybm0000gn/T/arduino/sketches/0C3D3A2ED5CD0195F22749C22C5A3AD0/sketch/JTAG2.cpp.o
                0x000000000000043c                JTAG2::read_mem()
 .text._ZN4UPDI9write_keyIhEEvRA8_T_
                0x00000000000004a8       0x24 /private/var/folders/1r/fqklkkzx6z5cg_jx0vd7xybm0000gn/T/arduino/sketches/0C3D3A2ED5CD0195F22749C22C5A3AD0/sketch/JTAG2.cpp.o
                0x00000000000004a8                void UPDI::write_key<unsigned char>(unsigned char (&) [8])
 .text._ZN5JTAG214enter_progmodeEv
                0x00000000000004cc       0x50 /private/var/folders/1r/fqklkkzx6z5cg_jx0vd7xybm0000gn/T/arduino/sketches/0C3D3A2ED5CD0195F22749C22C5A3AD0/sketch/JTAG2.cpp.o
                0x00000000000004cc                JTAG2::enter_progmode()
 .text._ZN5JTAG25eraseEv
                0x000000000000051c       0x60 /private/var/folders/1r/fqklkkzx6z5cg_jx0vd7xybm0000gn/T/arduino/sketches/0C3D3A2ED5CD0195F22749C22C5A3AD0/sketch/JTAG2.cpp.o
                0x000000000000051c                JTAG2::erase()
 .text._ZN3NVM7commandILb1EEEvh
                0x000000000000057c       0x1c /private/var/folders/1r/fqklkkzx6z5cg_jx0vd7xybm0000gn/T/arduino/sketches/0C3D3A2ED5CD0195F22749C22C5A3AD0/sketch/JTAG2.cpp.o
                0x000000000000057c                void NVM::command<true>(unsigned char)
 .text._ZN5JTAG29write_memEv
                0x0000000000000598      0x108 /private/var/folders/1r/fqklkkzx6z5cg_jx0vd7xybm0000gn/T/arduino/sketches/0C3D3A2ED5CD0195F22749C22C5A3AD0/sketch/JTAG2.cpp.o
                0x0000000000000598                JTAG2::write_mem()
 .text.setup    0x00000000000006a0       0x34 /private/var/folders/1r/fqklkkzx6z5cg_jx0vd7xybm0000gn/T/arduino/sketches/0C3D3A2ED5CD0195F22749C22C5A3AD0/sketch/MuxTO.ino.cpp.o
                0x00000000000006a0                setup
 .text.loop     0x00000000000006d4      0x344 /private/var/folders/1r/fqklkkzx6z5cg_jx0vd7xybm0000gn/T/arduino/sketches/0C3D3A2ED5CD0195F22749C22C5A3AD0/sketch/MuxTO.ino.cpp.o
                0x00000000000006d4                loop
 .text._ZN4UPDI9CPU_resetEv
                0x0000000000000a18       0x20 /private/var/folders/1r/fqklkkzx6z5cg_jx0vd7xybm0000gn/T/arduino/sketches/0C3D3A2ED5CD0195F22749C22C5A3AD0/sketch/UPDI_hi_lvl.cpp.o
                0x0000000000000a18                UPDI::CPU_reset()
 .text._ZN4UPDI3repEh
                0x0000000000000a38       0x18 /private/var/folders/1r/fqklkkzx6z5cg_jx0vd7xybm0000gn/T/arduino/sketches/0C3D3A2ED5CD0195F22749C22C5A3AD0/sketch/UPDI_lo_lvl.cpp.o
                0x0000000000000a38                UPDI::rep(unsigned char)
 .text._ZN4UPDI4stcsENS_3regEh
                0x0000000000000a50       0x1c /private/var/folders/1r/fqklkkzx6z5cg_jx0vd7xybm0000gn/T/arduino/sketches/0C3D3A2ED5CD0195F22749C22C5A3AD0/sketch/UPDI_lo_lvl.cpp.o
                0x0000000000000a50                UPDI::stcs(UPDI::reg, unsigned char)
 .text._ZN4UPDI4lcdsENS_3regE
                0x0000000000000a6c       0x18 /private/var/folders/1r/fqklkkzx6z5cg_jx0vd7xybm0000gn/T/arduino/sketches/0C3D3A2ED5CD0195F22749C22C5A3AD0/sketch/UPDI_lo_lvl.cpp.o
                0x0000000000000a6c                UPDI::lcds(UPDI::reg)
 .text._ZN4UPDI5lds_bEt
                0x0000000000000a84       0x22 /private/var/folders/1r/fqklkkzx6z5cg_jx0vd7xybm0000gn/T/arduino/sketches/0C3D3A2ED5CD0195F22749C22C5A3AD0/sketch/UPDI_lo_lvl.cpp.o
                0x0000000000000a84                UPDI::lds_b(unsigned short)
 .text._ZN4UPDI5sts_bEth
                0x0000000000000aa6       0x2e /private/var/folders/1r/fqklkkzx6z5cg_jx0vd7xybm0000gn/T/arduino/sketches/0C3D3A2ED5CD0195F22749C22C5A3AD0/sketch/UPDI_lo_lvl.cpp.o
                0x0000000000000aa6                UPDI::sts_b(unsigned short, unsigned char)
 .text._ZN4UPDI7ldptr_wEv
                0x0000000000000ad4       0x20 /private/var/folders/1r/fqklkkzx6z5cg_jx0vd7xybm0000gn/T/arduino/sketches/0C3D3A2ED5CD0195F22749C22C5A3AD0/sketch/UPDI_lo_lvl.cpp.o
                0x0000000000000ad4                UPDI::ldptr_w()
 .text._ZN4UPDI7ldinc_bEv
                0x0000000000000af4       0x14 /private/var/folders/1r/fqklkkzx6z5cg_jx0vd7xybm0000gn/T/arduino/sketches/0C3D3A2ED5CD0195F22749C22C5A3AD0/sketch/UPDI_lo_lvl.cpp.o
                0x0000000000000af4                UPDI::ldinc_b()
 .text._ZN4UPDI7stptr_wEt
                0x0000000000000b08       0x22 /private/var/folders/1r/fqklkkzx6z5cg_jx0vd7xybm0000gn/T/arduino/sketches/0C3D3A2ED5CD0195F22749C22C5A3AD0/sketch/UPDI_lo_lvl.cpp.o
                0x0000000000000b08                UPDI::stptr_w(unsigned short)
 .text._ZN4UPDI7stinc_bEh
                0x0000000000000b2a       0x1c /private/var/folders/1r/fqklkkzx6z5cg_jx0vd7xybm0000gn/T/arduino/sketches/0C3D3A2ED5CD0195F22749C22C5A3AD0/sketch/UPDI_lo_lvl.cpp.o
                0x0000000000000b2a                UPDI::stinc_b(unsigned char)
 *fill*         0x0000000000000b46        0x2 
 .text._ZN3CRC4nextEht
                0x0000000000000b48       0x1c /private/var/folders/1r/fqklkkzx6z5cg_jx0vd7xybm0000gn/T/arduino/sketches/0C3D3A2ED5CD0195F22749C22C5A3AD0/sketch/crc16.cpp.o
                0x0000000000000b48                CRC::next(unsigned char, unsigned short)
 .text._ZN7UPDI_io3putEc
                0x0000000000000b64       0x3c /private/var/folders/1r/fqklkkzx6z5cg_jx0vd7xybm0000gn/T/arduino/sketches/0C3D3A2ED5CD0195F22749C22C5A3AD0/sketch/updi_io.cpp.o
                0x0000000000000b64                UPDI_io::put(char)
 .text._ZN7UPDI_io3getEv
                0x0000000000000ba0       0x1c /private/var/folders/1r/fqklkkzx6z5cg_jx0vd7xybm0000gn/T/arduino/sketches/0C3D3A2ED5CD0195F22749C22C5A3AD0/sketch/updi_io.cpp.o
                0x0000000000000ba0                UPDI_io::get()
 .text._ZN7UPDI_io3putENS_4ctrlE
                0x0000000000000bbc       0x70 /private/var/folders/1r/fqklkkzx6z5cg_jx0vd7xybm0000gn/T/arduino/sketches/0C3D3A2ED5CD0195F22749C22C5A3AD0/sketch/updi_io.cpp.o
                0x0000000000000bbc                UPDI_io::put(UPDI_io::ctrl)
 .text._ZN7UPDI_io4initEv
                0x0000000000000c2c       0x18 /private/var/folders/1r/fqklkkzx6z5cg_jx0vd7xybm0000gn/T/arduino/sketches/0C3D3A2ED5CD0195F22749C22C5A3AD0/sketch/updi_io.cpp.o
                0x0000000000000c2c                UPDI_io::init()
 .text.SERCOM1_Handler
                0x0000000000000c44       0x10 /private/var/folders/1r/fqklkkzx6z5cg_jx0vd7xybm0000gn/T/arduino/sketches/0C3D3A2ED5CD0195F22749C22C5A3AD0/core/variant.cpp.o
                0x0000000000000c44                SERCOM1_Handler
 .text.SERCOM0_Handler
                0x0000000000000c54       0x10 /private/var/folders/1r/fqklkkzx6z5cg_jx0vd7xybm0000gn/T/arduino/sketches/0C3D3A2ED5CD0195F22749C22C5A3AD0/core/variant.cpp.o
                0x0000000000000c54                SERCOM0_Handler
 .text.startup._GLOBAL__sub_I_g_APinDescription
                0x0000000000000c64       0x54 /private/var/folders/1r/fqklkkzx6z5cg_jx0vd7xybm0000gn/T/arduino/sketches/0C3D3A2ED5CD0195F22749C22C5A3AD0/core/variant.cpp.o
 .text._ZN6SERCOMC2EP6Sercom
                0x0000000000000cb8        0x4 /private/var/folders/1r/fqklkkzx6z5cg_jx0vd7xybm0000gn/T/arduino/sketches/0C3D3A2ED5CD0195F22749C22C5A3AD0/core/core.a(SERCOM.cpp.o)
                0x0000000000000cb8                SERCOM::SERCOM(Sercom*)
                0x0000000000000cb8                SERCOM::SERCOM(Sercom*)
 .text._ZN6SERCOM9initFrameE18SercomUartCharSize15SercomDataOrder16SercomParityMode19SercomNumberStopBit
                0x0000000000000cbc       0x38 /private/var/folders/1r/fqklkkzx6z5cg_jx0vd7xybm0000gn/T/arduino/sketches/0C3D3A2ED5CD0195F22749C22C5A3AD0/core/core.a(SERCOM.cpp.o)
                0x0000000000000cbc                SERCOM::initFrame(SercomUartCharSize, SercomDataOrder, SercomParityMode, SercomNumberStopBit)
 .text._ZN6SERCOM8initPadsE15SercomUartTXPad11SercomRXPad
                0x0000000000000cf4       0x26 /private/var/folders/1r/fqklkkzx6z5cg_jx0vd7xybm0000gn/T/arduino/sketches/0C3D3A2ED5CD0195F22749C22C5A3AD0/core/core.a(SERCOM.cpp.o)
                0x0000000000000cf4                SERCOM::initPads(SercomUartTXPad, SercomRXPad)
 .text._ZN6SERCOM9resetUARTEv
                0x0000000000000d1a       0x1c /private/var/folders/1r/fqklkkzx6z5cg_jx0vd7xybm0000gn/T/arduino/sketches/0C3D3A2ED5CD0195F22749C22C5A3AD0/core/core.a(SERCOM.cpp.o)
                0x0000000000000d1a                SERCOM::resetUART()
 .text._ZN6SERCOM10enableUARTEv
                0x0000000000000d36       0x14 /private/var/folders/1r/fqklkkzx6z5cg_jx0vd7xybm0000gn/T/arduino/sketches/0C3D3A2ED5CD0195F22749C22C5A3AD0/core/core.a(SERCOM.cpp.o)
                0x0000000000000d36                SERCOM::enableUART()
 .text._ZN6SERCOM9flushUARTEv
                0x0000000000000d4a       0x10 /private/var/folders/1r/fqklkkzx6z5cg_jx0vd7xybm0000gn/T/arduino/sketches/0C3D3A2ED5CD0195F22749C22C5A3AD0/core/core.a(SERCOM.cpp.o)
                0x0000000000000d4a                SERCOM::flushUART()
 .text._ZN6SERCOM15clearStatusUARTEv
                0x0000000000000d5a        0x8 /private/var/folders/1r/fqklkkzx6z5cg_jx0vd7xybm0000gn/T/arduino/sketches/0C3D3A2ED5CD0195F22749C22C5A3AD0/core/core.a(SERCOM.cpp.o)
                0x0000000000000d5a                SERCOM::clearStatusUART()
 .text._ZN6SERCOM17availableDataUARTEv
                0x0000000000000d62        0xa /private/var/folders/1r/fqklkkzx6z5cg_jx0vd7xybm0000gn/T/arduino/sketches/0C3D3A2ED5CD0195F22749C22C5A3AD0/core/core.a(SERCOM.cpp.o)
                0x0000000000000d62                SERCOM::availableDataUART()
 .text._ZN6SERCOM11isUARTErrorEv
                0x0000000000000d6c        0x8 /private/var/folders/1r/fqklkkzx6z5cg_jx0vd7xybm0000gn/T/arduino/sketches/0C3D3A2ED5CD0195F22749C22C5A3AD0/core/core.a(SERCOM.cpp.o)
                0x0000000000000d6c                SERCOM::isUARTError()
 .text._ZN6SERCOM20acknowledgeUARTErrorEv
                0x0000000000000d74        0xe /private/var/folders/1r/fqklkkzx6z5cg_jx0vd7xybm0000gn/T/arduino/sketches/0C3D3A2ED5CD0195F22749C22C5A3AD0/core/core.a(SERCOM.cpp.o)
                0x0000000000000d74                SERCOM::acknowledgeUARTError()
 .text._ZN6SERCOM23isDataRegisterEmptyUARTEv
                0x0000000000000d82        0xa /private/var/folders/1r/fqklkkzx6z5cg_jx0vd7xybm0000gn/T/arduino/sketches/0C3D3A2ED5CD0195F22749C22C5A3AD0/core/core.a(SERCOM.cpp.o)
                0x0000000000000d82                SERCOM::isDataRegisterEmptyUART()
 .text._ZN6SERCOM12readDataUARTEv
                0x0000000000000d8c        0x8 /private/var/folders/1r/fqklkkzx6z5cg_jx0vd7xybm0000gn/T/arduino/sketches/0C3D3A2ED5CD0195F22749C22C5A3AD0/core/core.a(SERCOM.cpp.o)
                0x0000000000000d8c                SERCOM::readDataUART()
 .text._ZN6SERCOM13writeDataUARTEh
                0x0000000000000d94        0xe /private/var/folders/1r/fqklkkzx6z5cg_jx0vd7xybm0000gn/T/arduino/sketches/0C3D3A2ED5CD0195F22749C22C5A3AD0/core/core.a(SERCOM.cpp.o)
                0x0000000000000d94                SERCOM::writeDataUART(unsigned char)
 .text._ZN6SERCOM36enableDataRegisterEmptyInterruptUARTEv
                0x0000000000000da2        0x8 /private/var/folders/1r/fqklkkzx6z5cg_jx0vd7xybm0000gn/T/arduino/sketches/0C3D3A2ED5CD0195F22749C22C5A3AD0/core/core.a(SERCOM.cpp.o)
                0x0000000000000da2                SERCOM::enableDataRegisterEmptyInterruptUART()
 .text._ZN6SERCOM37disableDataRegisterEmptyInterruptUARTEv
                0x0000000000000daa        0x8 /private/var/folders/1r/fqklkkzx6z5cg_jx0vd7xybm0000gn/T/arduino/sketches/0C3D3A2ED5CD0195F22749C22C5A3AD0/core/core.a(SERCOM.cpp.o)
                0x0000000000000daa                SERCOM::disableDataRegisterEmptyInterruptUART()
 *fill*         0x0000000000000db2        0x2 
 .text._ZN6SERCOM13initClockNVICEv
                0x0000000000000db4       0x88 /private/var/folders/1r/fqklkkzx6z5cg_jx0vd7xybm0000gn/T/arduino/sketches/0C3D3A2ED5CD0195F22749C22C5A3AD0/core/core.a(SERCOM.cpp.o)
                0x0000000000000db4                SERCOM::initClockNVIC()
 .text._ZN6SERCOM8initUARTE14SercomUartMode20SercomUartSampleRatem
                0x0000000000000e3c       0x6c /private/var/folders/1r/fqklkkzx6z5cg_jx0vd7xybm0000gn/T/arduino/sketches/0C3D3A2ED5CD0195F22749C22C5A3AD0/core/core.a(SERCOM.cpp.o)
                0x0000000000000e3c                SERCOM::initUART(SercomUartMode, SercomUartSampleRate, unsigned long)
 .text._ZN6Stream9timedReadEv
                0x0000000000000ea8       0x2a /private/var/folders/1r/fqklkkzx6z5cg_jx0vd7xybm0000gn/T/arduino/sketches/0C3D3A2ED5CD0195F22749C22C5A3AD0/core/core.a(Stream.cpp.o)
                0x0000000000000ea8                Stream::timedRead()
 .text._ZN6Stream9readBytesEPcj
                0x0000000000000ed2       0x28 /private/var/folders/1r/fqklkkzx6z5cg_jx0vd7xybm0000gn/T/arduino/sketches/0C3D3A2ED5CD0195F22749C22C5A3AD0/core/core.a(Stream.cpp.o)
                0x0000000000000ed2                Stream::readBytes(char*, unsigned int)
 .text._ZN7Serial_17availableForWriteEv
                0x0000000000000efa        0x4 /private/var/folders/1r/fqklkkzx6z5cg_jx0vd7xybm0000gn/T/arduino/sketches/0C3D3A2ED5CD0195F22749C22C5A3AD0/core/core.a(CDC.cpp.o)
                0x0000000000000efa                Serial_::availableForWrite()
 .text._ZN7Serial_5writeEh
                0x0000000000000efe       0x14 /private/var/folders/1r/fqklkkzx6z5cg_jx0vd7xybm0000gn/T/arduino/sketches/0C3D3A2ED5CD0195F22749C22C5A3AD0/core/core.a(CDC.cpp.o)
                0x0000000000000efe                Serial_::write(unsigned char)
 .text._ZN7Serial_9availableEv
                0x0000000000000f12        0xc /private/var/folders/1r/fqklkkzx6z5cg_jx0vd7xybm0000gn/T/arduino/sketches/0C3D3A2ED5CD0195F22749C22C5A3AD0/core/core.a(CDC.cpp.o)
                0x0000000000000f12                Serial_::available()
 .text._ZN7Serial_5flushEv
                0x0000000000000f1e        0xc /private/var/folders/1r/fqklkkzx6z5cg_jx0vd7xybm0000gn/T/arduino/sketches/0C3D3A2ED5CD0195F22749C22C5A3AD0/core/core.a(CDC.cpp.o)
                0x0000000000000f1e                Serial_::flush()
 .text._ZN7Serial_5writeEPKhj
                0x0000000000000f2a       0x1c /private/var/folders/1r/fqklkkzx6z5cg_jx0vd7xybm0000gn/T/arduino/sketches/0C3D3A2ED5CD0195F22749C22C5A3AD0/core/core.a(CDC.cpp.o)
                0x0000000000000f2a                Serial_::write(unsigned char const*, unsigned int)
 *fill*         0x0000000000000f46        0x2 
 .text._ZN7Serial_4peekEv
                0x0000000000000f48       0x1c /private/var/folders/1r/fqklkkzx6z5cg_jx0vd7xybm0000gn/T/arduino/sketches/0C3D3A2ED5CD0195F22749C22C5A3AD0/core/core.a(CDC.cpp.o)
                0x0000000000000f48                Serial_::peek()
 .text._ZN7Serial_4readEv
                0x0000000000000f64       0x24 /private/var/folders/1r/fqklkkzx6z5cg_jx0vd7xybm0000gn/T/arduino/sketches/0C3D3A2ED5CD0195F22749C22C5A3AD0/core/core.a(CDC.cpp.o)
                0x0000000000000f64                Serial_::read()
 .text._Z16CDC_GetInterfacePh
                0x0000000000000f88       0x1c /private/var/folders/1r/fqklkkzx6z5cg_jx0vd7xybm0000gn/T/arduino/sketches/0C3D3A2ED5CD0195F22749C22C5A3AD0/core/core.a(CDC.cpp.o)
                0x0000000000000f88                CDC_GetInterface(unsigned char*)
 .text._Z9CDC_SetupR8USBSetup
                0x0000000000000fa4       0x60 /private/var/folders/1r/fqklkkzx6z5cg_jx0vd7xybm0000gn/T/arduino/sketches/0C3D3A2ED5CD0195F22749C22C5A3AD0/core/core.a(CDC.cpp.o)
                0x0000000000000fa4                CDC_Setup(USBSetup&)
 .text._ZN7Serial_5beginEm
                0x0000000000001004        0x2 /private/var/folders/1r/fqklkkzx6z5cg_jx0vd7xybm0000gn/T/arduino/sketches/0C3D3A2ED5CD0195F22749C22C5A3AD0/core/core.a(CDC.cpp.o)
                0x0000000000001004                Serial_::begin(unsigned long)
 .text._ZN7Serial_9readBytesEPcj
                0x0000000000001006       0x3c /private/var/folders/1r/fqklkkzx6z5cg_jx0vd7xybm0000gn/T/arduino/sketches/0C3D3A2ED5CD0195F22749C22C5A3AD0/core/core.a(CDC.cpp.o)
                0x0000000000001006                Serial_::readBytes(char*, unsigned int)
 *fill*         0x0000000000001042        0x2 
 .text._ZN7Serial_4baudEv
                0x0000000000001044        0xc /private/var/folders/1r/fqklkkzx6z5cg_jx0vd7xybm0000gn/T/arduino/sketches/0C3D3A2ED5CD0195F22749C22C5A3AD0/core/core.a(CDC.cpp.o)
                0x0000000000001044                Serial_::baud()
 .text._ZN7Serial_8stopbitsEv
                0x0000000000001050        0xc /private/var/folders/1r/fqklkkzx6z5cg_jx0vd7xybm0000gn/T/arduino/sketches/0C3D3A2ED5CD0195F22749C22C5A3AD0/core/core.a(CDC.cpp.o)
                0x0000000000001050                Serial_::stopbits()
 .text._ZN7Serial_10paritytypeEv
                0x000000000000105c        0xc /private/var/folders/1r/fqklkkzx6z5cg_jx0vd7xybm0000gn/T/arduino/sketches/0C3D3A2ED5CD0195F22749C22C5A3AD0/core/core.a(CDC.cpp.o)
                0x000000000000105c                Serial_::paritytype()
 .text._ZN7Serial_7numbitsEv
                0x0000000000001068        0xc /private/var/folders/1r/fqklkkzx6z5cg_jx0vd7xybm0000gn/T/arduino/sketches/0C3D3A2ED5CD0195F22749C22C5A3AD0/core/core.a(CDC.cpp.o)
                0x0000000000001068                Serial_::numbits()
 .text._ZN7Serial_3dtrEv
                0x0000000000001074       0x10 /private/var/folders/1r/fqklkkzx6z5cg_jx0vd7xybm0000gn/T/arduino/sketches/0C3D3A2ED5CD0195F22749C22C5A3AD0/core/core.a(CDC.cpp.o)
                0x0000000000001074                Serial_::dtr()
 .text.startup._GLOBAL__sub_I__Z17_CDC_GetInterfacev
                0x0000000000001084       0x28 /private/var/folders/1r/fqklkkzx6z5cg_jx0vd7xybm0000gn/T/arduino/sketches/0C3D3A2ED5CD0195F22749C22C5A3AD0/core/core.a(CDC.cpp.o)
 .text._ZN26DoubleBufferedEPOutHandlerD2Ev
                0x00000000000010ac        0xc /private/var/folders/1r/fqklkkzx6z5cg_jx0vd7xybm0000gn/T/arduino/sketches/0C3D3A2ED5CD0195F22749C22C5A3AD0/core/core.a(USBCore.cpp.o)
                0x00000000000010ac                DoubleBufferedEPOutHandler::~DoubleBufferedEPOutHandler()
                0x00000000000010ac                DoubleBufferedEPOutHandler::~DoubleBufferedEPOutHandler()
 .text._ZL5utox8mPc
                0x00000000000010b8       0x1c /private/var/folders/1r/fqklkkzx6z5cg_jx0vd7xybm0000gn/T/arduino/sketches/0C3D3A2ED5CD0195F22749C22C5A3AD0/core/core.a(USBCore.cpp.o)
 .text._ZN26DoubleBufferedEPOutHandlerD0Ev
                0x00000000000010d4       0x14 /private/var/folders/1r/fqklkkzx6z5cg_jx0vd7xybm0000gn/T/arduino/sketches/0C3D3A2ED5CD0195F22749C22C5A3AD0/core/core.a(USBCore.cpp.o)
                0x00000000000010d4                DoubleBufferedEPOutHandler::~DoubleBufferedEPOutHandler()
 .text._ZN14USBDeviceClass6initEPEmm.part.4
                0x00000000000010e8       0xc4 /private/var/folders/1r/fqklkkzx6z5cg_jx0vd7xybm0000gn/T/arduino/sketches/0C3D3A2ED5CD0195F22749C22C5A3AD0/core/core.a(USBCore.cpp.o)
 .text._ZN20USBDevice_SAMD21G18x5resetEv
                0x00000000000011ac       0x28 /private/var/folders/1r/fqklkkzx6z5cg_jx0vd7xybm0000gn/T/arduino/sketches/0C3D3A2ED5CD0195F22749C22C5A3AD0/core/core.a(USBCore.cpp.o)
                0x00000000000011ac                USBDevice_SAMD21G18x::reset()
 .text._ZN20USBDevice_SAMD21G18x9calibrateEv
                0x00000000000011d4       0x5c /private/var/folders/1r/fqklkkzx6z5cg_jx0vd7xybm0000gn/T/arduino/sketches/0C3D3A2ED5CD0195F22749C22C5A3AD0/core/core.a(USBCore.cpp.o)
                0x00000000000011d4                USBDevice_SAMD21G18x::calibrate()
 .text._ZN7__GuardC2Ev
                0x0000000000001230        0xe /private/var/folders/1r/fqklkkzx6z5cg_jx0vd7xybm0000gn/T/arduino/sketches/0C3D3A2ED5CD0195F22749C22C5A3AD0/core/core.a(USBCore.cpp.o)
                0x0000000000001230                __Guard::__Guard()
                0x0000000000001230                __Guard::__Guard()
 .text._ZN7__GuardD2Ev
                0x000000000000123e        0xe /private/var/folders/1r/fqklkkzx6z5cg_jx0vd7xybm0000gn/T/arduino/sketches/0C3D3A2ED5CD0195F22749C22C5A3AD0/core/core.a(USBCore.cpp.o)
                0x000000000000123e                __Guard::~__Guard()
                0x000000000000123e                __Guard::~__Guard()
 .text._ZNK26DoubleBufferedEPOutHandler10_availableEv
                0x000000000000124c       0x6c /private/var/folders/1r/fqklkkzx6z5cg_jx0vd7xybm0000gn/T/arduino/sketches/0C3D3A2ED5CD0195F22749C22C5A3AD0/core/core.a(USBCore.cpp.o)
                0x000000000000124c                DoubleBufferedEPOutHandler::_available() const
 .text._ZN26DoubleBufferedEPOutHandler7releaseEv
                0x00000000000012b8       0x38 /private/var/folders/1r/fqklkkzx6z5cg_jx0vd7xybm0000gn/T/arduino/sketches/0C3D3A2ED5CD0195F22749C22C5A3AD0/core/core.a(USBCore.cpp.o)
                0x00000000000012b8                DoubleBufferedEPOutHandler::release()
 .text._ZN26DoubleBufferedEPOutHandler5_recvEv
                0x00000000000012f0      0x15a /private/var/folders/1r/fqklkkzx6z5cg_jx0vd7xybm0000gn/T/arduino/sketches/0C3D3A2ED5CD0195F22749C22C5A3AD0/core/core.a(USBCore.cpp.o)
                0x00000000000012f0                DoubleBufferedEPOutHandler::_recv()
 .text._ZN26DoubleBufferedEPOutHandler4recvEPvm
                0x000000000000144a       0x4c /private/var/folders/1r/fqklkkzx6z5cg_jx0vd7xybm0000gn/T/arduino/sketches/0C3D3A2ED5CD0195F22749C22C5A3AD0/core/core.a(USBCore.cpp.o)
                0x000000000000144a                DoubleBufferedEPOutHandler::recv(void*, unsigned long)
 .text._ZN26DoubleBufferedEPOutHandler9availableEv
                0x0000000000001496       0x12 /private/var/folders/1r/fqklkkzx6z5cg_jx0vd7xybm0000gn/T/arduino/sketches/0C3D3A2ED5CD0195F22749C22C5A3AD0/core/core.a(USBCore.cpp.o)
                0x0000000000001496                DoubleBufferedEPOutHandler::available()
 .text._ZN26DoubleBufferedEPOutHandler4peekEv
                0x00000000000014a8       0x12 /private/var/folders/1r/fqklkkzx6z5cg_jx0vd7xybm0000gn/T/arduino/sketches/0C3D3A2ED5CD0195F22749C22C5A3AD0/core/core.a(USBCore.cpp.o)
                0x00000000000014a8                DoubleBufferedEPOutHandler::peek()
 .text._ZN26DoubleBufferedEPOutHandler14handleEndpointEv
                0x00000000000014ba       0xd2 /private/var/folders/1r/fqklkkzx6z5cg_jx0vd7xybm0000gn/T/arduino/sketches/0C3D3A2ED5CD0195F22749C22C5A3AD0/core/core.a(USBCore.cpp.o)
                0x00000000000014ba                DoubleBufferedEPOutHandler::handleEndpoint()
 .text._ZN14USBDeviceClass14SendInterfacesEPm
                0x000000000000158c       0x1c /private/var/folders/1r/fqklkkzx6z5cg_jx0vd7xybm0000gn/T/arduino/sketches/0C3D3A2ED5CD0195F22749C22C5A3AD0/core/core.a(USBCore.cpp.o)
                0x000000000000158c                USBDeviceClass::SendInterfaces(unsigned long*)
 .text._ZN14USBDeviceClass14handleEndpointEh
                0x00000000000015a8       0x40 /private/var/folders/1r/fqklkkzx6z5cg_jx0vd7xybm0000gn/T/arduino/sketches/0C3D3A2ED5CD0195F22749C22C5A3AD0/core/core.a(USBCore.cpp.o)
                0x00000000000015a8                USBDeviceClass::handleEndpoint(unsigned char)
 .text._ZN14USBDeviceClass4initEv
                0x00000000000015e8       0xc4 /private/var/folders/1r/fqklkkzx6z5cg_jx0vd7xybm0000gn/T/arduino/sketches/0C3D3A2ED5CD0195F22749C22C5A3AD0/core/core.a(USBCore.cpp.o)
                0x00000000000015e8                USBDeviceClass::init()
 .text._ZN14USBDeviceClass6attachEv
                0x00000000000016ac       0x34 /private/var/folders/1r/fqklkkzx6z5cg_jx0vd7xybm0000gn/T/arduino/sketches/0C3D3A2ED5CD0195F22749C22C5A3AD0/core/core.a(USBCore.cpp.o)
                0x00000000000016ac                USBDeviceClass::attach()
 .text._ZN14USBDeviceClass10setAddressEm
                0x00000000000016e0       0x48 /private/var/folders/1r/fqklkkzx6z5cg_jx0vd7xybm0000gn/T/arduino/sketches/0C3D3A2ED5CD0195F22749C22C5A3AD0/core/core.a(USBCore.cpp.o)
                0x00000000000016e0                USBDeviceClass::setAddress(unsigned long)
 .text._ZN14USBDeviceClass25handleClassInterfaceSetupER8USBSetup
                0x0000000000001728       0x28 /private/var/folders/1r/fqklkkzx6z5cg_jx0vd7xybm0000gn/T/arduino/sketches/0C3D3A2ED5CD0195F22749C22C5A3AD0/core/core.a(USBCore.cpp.o)
                0x0000000000001728                USBDeviceClass::handleClassInterfaceSetup(USBSetup&)
 .text._ZN14USBDeviceClass6initEPEmm
                0x0000000000001750      0x100 /private/var/folders/1r/fqklkkzx6z5cg_jx0vd7xybm0000gn/T/arduino/sketches/0C3D3A2ED5CD0195F22749C22C5A3AD0/core/core.a(USBCore.cpp.o)
                0x0000000000001750                USBDeviceClass::initEP(unsigned long, unsigned long)
 .text._ZN14USBDeviceClass13initEndpointsEv
                0x0000000000001850       0x24 /private/var/folders/1r/fqklkkzx6z5cg_jx0vd7xybm0000gn/T/arduino/sketches/0C3D3A2ED5CD0195F22749C22C5A3AD0/core/core.a(USBCore.cpp.o)
                0x0000000000001850                USBDeviceClass::initEndpoints()
 .text._ZN14USBDeviceClass9availableEm
                0x0000000000001874       0x2c /private/var/folders/1r/fqklkkzx6z5cg_jx0vd7xybm0000gn/T/arduino/sketches/0C3D3A2ED5CD0195F22749C22C5A3AD0/core/core.a(USBCore.cpp.o)
                0x0000000000001874                USBDeviceClass::available(unsigned long)
 .text._ZN14USBDeviceClass5flushEm
                0x00000000000018a0       0x2c /private/var/folders/1r/fqklkkzx6z5cg_jx0vd7xybm0000gn/T/arduino/sketches/0C3D3A2ED5CD0195F22749C22C5A3AD0/core/core.a(USBCore.cpp.o)
                0x00000000000018a0                USBDeviceClass::flush(unsigned long)
 .text._ZN14USBDeviceClass14armRecvCtrlOUTEm
                0x00000000000018cc       0x60 /private/var/folders/1r/fqklkkzx6z5cg_jx0vd7xybm0000gn/T/arduino/sketches/0C3D3A2ED5CD0195F22749C22C5A3AD0/core/core.a(USBCore.cpp.o)
                0x00000000000018cc                USBDeviceClass::armRecvCtrlOUT(unsigned long)
 .text._ZN14USBDeviceClass11recvControlEPvm
                0x000000000000192c       0x3c /private/var/folders/1r/fqklkkzx6z5cg_jx0vd7xybm0000gn/T/arduino/sketches/0C3D3A2ED5CD0195F22749C22C5A3AD0/core/core.a(USBCore.cpp.o)
                0x000000000000192c                USBDeviceClass::recvControl(void*, unsigned long)
 .text._ZN14USBDeviceClass7armRecvEm
                0x0000000000001968       0x3c /private/var/folders/1r/fqklkkzx6z5cg_jx0vd7xybm0000gn/T/arduino/sketches/0C3D3A2ED5CD0195F22749C22C5A3AD0/core/core.a(USBCore.cpp.o)
                0x0000000000001968                USBDeviceClass::armRecv(unsigned long)
 .text._ZN14USBDeviceClass4recvEmPvm
                0x00000000000019a4       0xd8 /private/var/folders/1r/fqklkkzx6z5cg_jx0vd7xybm0000gn/T/arduino/sketches/0C3D3A2ED5CD0195F22749C22C5A3AD0/core/core.a(USBCore.cpp.o)
                0x00000000000019a4                USBDeviceClass::recv(unsigned long, void*, unsigned long)
 .text._ZN14USBDeviceClass4recvEm
                0x0000000000001a7c       0x1c /private/var/folders/1r/fqklkkzx6z5cg_jx0vd7xybm0000gn/T/arduino/sketches/0C3D3A2ED5CD0195F22749C22C5A3AD0/core/core.a(USBCore.cpp.o)
                0x0000000000001a7c                USBDeviceClass::recv(unsigned long)
 .text._ZN14USBDeviceClass4sendEmPKvm
                0x0000000000001a98      0x124 /private/var/folders/1r/fqklkkzx6z5cg_jx0vd7xybm0000gn/T/arduino/sketches/0C3D3A2ED5CD0195F22749C22C5A3AD0/core/core.a(USBCore.cpp.o)
                0x0000000000001a98                USBDeviceClass::send(unsigned long, void const*, unsigned long)
 .text._ZN14USBDeviceClass7armSendEmPKvm
                0x0000000000001bbc       0x48 /private/var/folders/1r/fqklkkzx6z5cg_jx0vd7xybm0000gn/T/arduino/sketches/0C3D3A2ED5CD0195F22749C22C5A3AD0/core/core.a(USBCore.cpp.o)
                0x0000000000001bbc                USBDeviceClass::armSend(unsigned long, void const*, unsigned long)
 .text._ZN14USBDeviceClass11sendControlEPKvm
                0x0000000000001c04       0x58 /private/var/folders/1r/fqklkkzx6z5cg_jx0vd7xybm0000gn/T/arduino/sketches/0C3D3A2ED5CD0195F22749C22C5A3AD0/core/core.a(USBCore.cpp.o)
                0x0000000000001c04                USBDeviceClass::sendControl(void const*, unsigned long)
 .text._ZN14USBDeviceClass20sendStringDescriptorEPKhh
                0x0000000000001c5c       0x68 /private/var/folders/1r/fqklkkzx6z5cg_jx0vd7xybm0000gn/T/arduino/sketches/0C3D3A2ED5CD0195F22749C22C5A3AD0/core/core.a(USBCore.cpp.o)
                0x0000000000001c5c                USBDeviceClass::sendStringDescriptor(unsigned char const*, unsigned char)
 .text._ZN14USBDeviceClass12packMessagesEb.part.6
                0x0000000000001cc4       0x20 /private/var/folders/1r/fqklkkzx6z5cg_jx0vd7xybm0000gn/T/arduino/sketches/0C3D3A2ED5CD0195F22749C22C5A3AD0/core/core.a(USBCore.cpp.o)
 .text._ZN14USBDeviceClass17sendConfigurationEm
                0x0000000000001ce4       0x90 /private/var/folders/1r/fqklkkzx6z5cg_jx0vd7xybm0000gn/T/arduino/sketches/0C3D3A2ED5CD0195F22749C22C5A3AD0/core/core.a(USBCore.cpp.o)
                0x0000000000001ce4                USBDeviceClass::sendConfiguration(unsigned long)
 .text._ZN14USBDeviceClass14sendDescriptorER8USBSetup
                0x0000000000001d74       0xd4 /private/var/folders/1r/fqklkkzx6z5cg_jx0vd7xybm0000gn/T/arduino/sketches/0C3D3A2ED5CD0195F22749C22C5A3AD0/core/core.a(USBCore.cpp.o)
                0x0000000000001d74                USBDeviceClass::sendDescriptor(USBSetup&)
 .text._ZN14USBDeviceClass19handleStandardSetupER8USBSetup
                0x0000000000001e48      0x118 /private/var/folders/1r/fqklkkzx6z5cg_jx0vd7xybm0000gn/T/arduino/sketches/0C3D3A2ED5CD0195F22749C22C5A3AD0/core/core.a(USBCore.cpp.o)
                0x0000000000001e48                USBDeviceClass::handleStandardSetup(USBSetup&)
 .text._ZN14USBDeviceClass10ISRHandlerEv
                0x0000000000001f60      0x150 /private/var/folders/1r/fqklkkzx6z5cg_jx0vd7xybm0000gn/T/arduino/sketches/0C3D3A2ED5CD0195F22749C22C5A3AD0/core/core.a(USBCore.cpp.o)
                0x0000000000001f60                USBDeviceClass::ISRHandler()
 .text.UDD_Handler
                0x00000000000020b0       0x10 /private/var/folders/1r/fqklkkzx6z5cg_jx0vd7xybm0000gn/T/arduino/sketches/0C3D3A2ED5CD0195F22749C22C5A3AD0/core/core.a(USBCore.cpp.o)
                0x00000000000020b0                UDD_Handler
 .text.startup._GLOBAL__sub_I__ZN20USBDevice_SAMD21G18x5resetEv
                0x00000000000020c0       0x10 /private/var/folders/1r/fqklkkzx6z5cg_jx0vd7xybm0000gn/T/arduino/sketches/0C3D3A2ED5CD0195F22749C22C5A3AD0/core/core.a(USBCore.cpp.o)
 .text._ZN4UartcvbEv
                0x00000000000020d0        0x4 /private/var/folders/1r/fqklkkzx6z5cg_jx0vd7xybm0000gn/T/arduino/sketches/0C3D3A2ED5CD0195F22749C22C5A3AD0/core/core.a(Uart.cpp.o)
                0x00000000000020d0                Uart::operator bool()
 .text._ZN4Uart5beginEm
                0x00000000000020d4       0x10 /private/var/folders/1r/fqklkkzx6z5cg_jx0vd7xybm0000gn/T/arduino/sketches/0C3D3A2ED5CD0195F22749C22C5A3AD0/core/core.a(Uart.cpp.o)
                0x00000000000020d4                Uart::begin(unsigned long)
 .text._ZN4Uart3endEv
                0x00000000000020e4       0x1c /private/var/folders/1r/fqklkkzx6z5cg_jx0vd7xybm0000gn/T/arduino/sketches/0C3D3A2ED5CD0195F22749C22C5A3AD0/core/core.a(Uart.cpp.o)
                0x00000000000020e4                Uart::end()
 .text._ZN4Uart9availableEv
                0x0000000000002100        0xa /private/var/folders/1r/fqklkkzx6z5cg_jx0vd7xybm0000gn/T/arduino/sketches/0C3D3A2ED5CD0195F22749C22C5A3AD0/core/core.a(Uart.cpp.o)
                0x0000000000002100                Uart::available()
 .text._ZN4Uart5flushEv
                0x000000000000210a       0x18 /private/var/folders/1r/fqklkkzx6z5cg_jx0vd7xybm0000gn/T/arduino/sketches/0C3D3A2ED5CD0195F22749C22C5A3AD0/core/core.a(Uart.cpp.o)
                0x000000000000210a                Uart::flush()
 .text._ZN4Uart17availableForWriteEv
                0x0000000000002122        0xa /private/var/folders/1r/fqklkkzx6z5cg_jx0vd7xybm0000gn/T/arduino/sketches/0C3D3A2ED5CD0195F22749C22C5A3AD0/core/core.a(Uart.cpp.o)
                0x0000000000002122                Uart::availableForWrite()
 .text._ZN4Uart4readEv
                0x000000000000212c       0x2e /private/var/folders/1r/fqklkkzx6z5cg_jx0vd7xybm0000gn/T/arduino/sketches/0C3D3A2ED5CD0195F22749C22C5A3AD0/core/core.a(Uart.cpp.o)
                0x000000000000212c                Uart::read()
 .text._ZN4Uart4peekEv
                0x000000000000215a        0xa /private/var/folders/1r/fqklkkzx6z5cg_jx0vd7xybm0000gn/T/arduino/sketches/0C3D3A2ED5CD0195F22749C22C5A3AD0/core/core.a(Uart.cpp.o)
                0x000000000000215a                Uart::peek()
 .text._ZN4UartC2EP6SERCOMhh11SercomRXPad15SercomUartTXPadhh
                0x0000000000002164       0x68 /private/var/folders/1r/fqklkkzx6z5cg_jx0vd7xybm0000gn/T/arduino/sketches/0C3D3A2ED5CD0195F22749C22C5A3AD0/core/core.a(Uart.cpp.o)
                0x0000000000002164                Uart::Uart(SERCOM*, unsigned char, unsigned char, SercomRXPad, SercomUartTXPad, unsigned char, unsigned char)
                0x0000000000002164                Uart::Uart(SERCOM*, unsigned char, unsigned char, SercomRXPad, SercomUartTXPad, unsigned char, unsigned char)
 .text._ZN4UartC2EP6SERCOMhh11SercomRXPad15SercomUartTXPad
                0x00000000000021cc       0x24 /private/var/folders/1r/fqklkkzx6z5cg_jx0vd7xybm0000gn/T/arduino/sketches/0C3D3A2ED5CD0195F22749C22C5A3AD0/core/core.a(Uart.cpp.o)
                0x00000000000021cc                Uart::Uart(SERCOM*, unsigned char, unsigned char, SercomRXPad, SercomUartTXPad)
                0x00000000000021cc                Uart::Uart(SERCOM*, unsigned char, unsigned char, SercomRXPad, SercomUartTXPad)
 .text._ZN4Uart10IrqHandlerEv
                0x00000000000021f0       0x80 /private/var/folders/1r/fqklkkzx6z5cg_jx0vd7xybm0000gn/T/arduino/sketches/0C3D3A2ED5CD0195F22749C22C5A3AD0/core/core.a(Uart.cpp.o)
                0x00000000000021f0                Uart::IrqHandler()
 .text._ZN4Uart5writeEh
                0x0000000000002270       0x9c /private/var/folders/1r/fqklkkzx6z5cg_jx0vd7xybm0000gn/T/arduino/sketches/0C3D3A2ED5CD0195F22749C22C5A3AD0/core/core.a(Uart.cpp.o)
                0x0000000000002270                Uart::write(unsigned char)
 .text._ZN4Uart16extractNbStopBitEt
                0x000000000000230c        0xe /private/var/folders/1r/fqklkkzx6z5cg_jx0vd7xybm0000gn/T/arduino/sketches/0C3D3A2ED5CD0195F22749C22C5A3AD0/core/core.a(Uart.cpp.o)
                0x000000000000230c                Uart::extractNbStopBit(unsigned short)
 .text._ZN4Uart15extractCharSizeEt
                0x000000000000231a       0x2c /private/var/folders/1r/fqklkkzx6z5cg_jx0vd7xybm0000gn/T/arduino/sketches/0C3D3A2ED5CD0195F22749C22C5A3AD0/core/core.a(Uart.cpp.o)
                0x000000000000231a                Uart::extractCharSize(unsigned short)
 .text._ZN4Uart13extractParityEt
                0x0000000000002346       0x18 /private/var/folders/1r/fqklkkzx6z5cg_jx0vd7xybm0000gn/T/arduino/sketches/0C3D3A2ED5CD0195F22749C22C5A3AD0/core/core.a(Uart.cpp.o)
                0x0000000000002346                Uart::extractParity(unsigned short)
 *fill*         0x000000000000235e        0x2 
 .text._ZN4Uart5beginEmt
                0x0000000000002360       0xd0 /private/var/folders/1r/fqklkkzx6z5cg_jx0vd7xybm0000gn/T/arduino/sketches/0C3D3A2ED5CD0195F22749C22C5A3AD0/core/core.a(Uart.cpp.o)
                0x0000000000002360                Uart::begin(unsigned long, unsigned short)
 .text.Dummy_Handler
                0x0000000000002430        0x2 /private/var/folders/1r/fqklkkzx6z5cg_jx0vd7xybm0000gn/T/arduino/sketches/0C3D3A2ED5CD0195F22749C22C5A3AD0/core/core.a(cortex_handlers.c.o)
                0x0000000000002430                SYSCTRL_Handler
                0x0000000000002430                DMAC_Handler
                0x0000000000002430                TRNG_Handler
                0x0000000000002430                TC2_Handler
                0x0000000000002430                AC_Handler
                0x0000000000002430                PendSV_Handler
                0x0000000000002430                NMI_Handler
                0x0000000000002430                TC7_Handler
                0x0000000000002430                ADC_Handler
                0x0000000000002430                TCC1_Handler
                0x0000000000002430                SERCOM2_Handler
                0x0000000000002430                TCC0_Handler
                0x0000000000002430                RTC_Handler
                0x0000000000002430                UsageFault_Handler
                0x0000000000002430                ADC1_Handler
                0x0000000000002430                EIC_Handler
                0x0000000000002430                TC6_Handler
                0x0000000000002430                WDT_Handler
                0x0000000000002430                CAN0_Handler
                0x0000000000002430                TC4_Handler
                0x0000000000002430                TC1_Handler
                0x0000000000002430                TC3_Handler
                0x0000000000002430                SDADC_Handler
                0x0000000000002430                Dummy_Handler
                0x0000000000002430                PM_Handler
                0x0000000000002430                SERCOM5_Handler
                0x0000000000002430                CAN1_Handler
                0x0000000000002430                ADC0_Handler
                0x0000000000002430                MemManage_Handler
                0x0000000000002430                TSENS_Handler
                0x0000000000002430                SVC_Handler
                0x0000000000002430                TCC2_Handler
                0x0000000000002430                EVSYS_Handler
                0x0000000000002430                SERCOM3_Handler
                0x0000000000002430                SERCOM4_Handler
                0x0000000000002430                I2S_Handler
                0x0000000000002430                NVMCTRL_Handler
                0x0000000000002430                SYSTEM_Handler
                0x0000000000002430                DAC_Handler
                0x0000000000002430                PTC_Handler
                0x0000000000002430                BusFault_Handler
                0x0000000000002430                FREQM_Handler
                0x0000000000002430                TC0_Handler
                0x0000000000002430                TC5_Handler
                0x0000000000002430                AES_Handler
                0x0000000000002430                DebugMon_Handler
 *fill*         0x0000000000002432        0x2 
 .text.USB_Handler
                0x0000000000002434       0x14 /private/var/folders/1r/fqklkkzx6z5cg_jx0vd7xybm0000gn/T/arduino/sketches/0C3D3A2ED5CD0195F22749C22C5A3AD0/core/core.a(cortex_handlers.c.o)
                0x0000000000002434                USB_Handler
 .text.HardFault_Handler
                0x0000000000002448        0x4 /private/var/folders/1r/fqklkkzx6z5cg_jx0vd7xybm0000gn/T/arduino/sketches/0C3D3A2ED5CD0195F22749C22C5A3AD0/core/core.a(cortex_handlers.c.o)
                0x0000000000002448                HardFault_Handler
 .text.Reset_Handler
                0x000000000000244c       0x74 /private/var/folders/1r/fqklkkzx6z5cg_jx0vd7xybm0000gn/T/arduino/sketches/0C3D3A2ED5CD0195F22749C22C5A3AD0/core/core.a(cortex_handlers.c.o)
                0x000000000000244c                Reset_Handler
 .text.SysTick_Handler
                0x00000000000024c0       0x10 /private/var/folders/1r/fqklkkzx6z5cg_jx0vd7xybm0000gn/T/arduino/sketches/0C3D3A2ED5CD0195F22749C22C5A3AD0/core/core.a(cortex_handlers.c.o)
                0x00000000000024c0                SysTick_Handler
 .text.USB_SetHandler
                0x00000000000024d0        0xc /private/var/folders/1r/fqklkkzx6z5cg_jx0vd7xybm0000gn/T/arduino/sketches/0C3D3A2ED5CD0195F22749C22C5A3AD0/core/core.a(cortex_handlers.c.o)
                0x00000000000024d0                USB_SetHandler
 .text.millis   0x00000000000024dc        0xc /private/var/folders/1r/fqklkkzx6z5cg_jx0vd7xybm0000gn/T/arduino/sketches/0C3D3A2ED5CD0195F22749C22C5A3AD0/core/core.a(delay.c.o)
                0x00000000000024dc                millis
 .text.delay    0x00000000000024e8       0x20 /private/var/folders/1r/fqklkkzx6z5cg_jx0vd7xybm0000gn/T/arduino/sketches/0C3D3A2ED5CD0195F22749C22C5A3AD0/core/core.a(delay.c.o)
                0x00000000000024e8                delay
 .text.SysTick_DefaultHandler
                0x0000000000002508       0x14 /private/var/folders/1r/fqklkkzx6z5cg_jx0vd7xybm0000gn/T/arduino/sketches/0C3D3A2ED5CD0195F22749C22C5A3AD0/core/core.a(delay.c.o)
                0x0000000000002508                SysTick_DefaultHandler
 .text.__empty  0x000000000000251c        0x2 /private/var/folders/1r/fqklkkzx6z5cg_jx0vd7xybm0000gn/T/arduino/sketches/0C3D3A2ED5CD0195F22749C22C5A3AD0/core/core.a(hooks.c.o)
                0x000000000000251c                yield
 .text.__false  0x000000000000251e        0x4 /private/var/folders/1r/fqklkkzx6z5cg_jx0vd7xybm0000gn/T/arduino/sketches/0C3D3A2ED5CD0195F22749C22C5A3AD0/core/core.a(hooks.c.o)
                0x000000000000251e                sysTickHook
 .text._Z11initVariantv
                0x0000000000002522        0x2 /private/var/folders/1r/fqklkkzx6z5cg_jx0vd7xybm0000gn/T/arduino/sketches/0C3D3A2ED5CD0195F22749C22C5A3AD0/core/core.a(main.cpp.o)
                0x0000000000002522                initVariant()
 .text.startup.main
                0x0000000000002524       0x40 /private/var/folders/1r/fqklkkzx6z5cg_jx0vd7xybm0000gn/T/arduino/sketches/0C3D3A2ED5CD0195F22749C22C5A3AD0/core/core.a(main.cpp.o)
                0x0000000000002524                main
 .text._Znwj    0x0000000000002564        0x8 /private/var/folders/1r/fqklkkzx6z5cg_jx0vd7xybm0000gn/T/arduino/sketches/0C3D3A2ED5CD0195F22749C22C5A3AD0/core/core.a(new.cpp.o)
                0x0000000000002564                operator new(unsigned int)
 .text._ZdlPv   0x000000000000256c        0x8 /private/var/folders/1r/fqklkkzx6z5cg_jx0vd7xybm0000gn/T/arduino/sketches/0C3D3A2ED5CD0195F22749C22C5A3AD0/core/core.a(new.cpp.o)
                0x000000000000256c                operator delete(void*)
 .text.waitForSync
                0x0000000000002574       0x10 /private/var/folders/1r/fqklkkzx6z5cg_jx0vd7xybm0000gn/T/arduino/sketches/0C3D3A2ED5CD0195F22749C22C5A3AD0/core/core.a(startup.c.o)
                0x0000000000002574                waitForSync
 .text.waitForDFLL
                0x0000000000002584       0x10 /private/var/folders/1r/fqklkkzx6z5cg_jx0vd7xybm0000gn/T/arduino/sketches/0C3D3A2ED5CD0195F22749C22C5A3AD0/core/core.a(startup.c.o)
                0x0000000000002584                waitForDFLL
 .text.SystemInit
                0x0000000000002594       0x7c /private/var/folders/1r/fqklkkzx6z5cg_jx0vd7xybm0000gn/T/arduino/sketches/0C3D3A2ED5CD0195F22749C22C5A3AD0/core/core.a(startup.c.o)
                0x0000000000002594                SystemInit
 .text.init     0x0000000000002610       0x60 /private/var/folders/1r/fqklkkzx6z5cg_jx0vd7xybm0000gn/T/arduino/sketches/0C3D3A2ED5CD0195F22749C22C5A3AD0/core/core.a(wiring.c.o)
                0x0000000000002610                init
 .text.pinMode  0x0000000000002670        0x8 /private/var/folders/1r/fqklkkzx6z5cg_jx0vd7xybm0000gn/T/arduino/sketches/0C3D3A2ED5CD0195F22749C22C5A3AD0/core/core.a(wiring_digital.c.o)
                0x0000000000002670                pinMode
 .text.digitalWrite
                0x0000000000002678       0x6c /private/var/folders/1r/fqklkkzx6z5cg_jx0vd7xybm0000gn/T/arduino/sketches/0C3D3A2ED5CD0195F22749C22C5A3AD0/core/core.a(wiring_digital.c.o)
                0x0000000000002678                digitalWrite
 .text.pinPeripheral
                0x00000000000026e4      0x114 /private/var/folders/1r/fqklkkzx6z5cg_jx0vd7xybm0000gn/T/arduino/sketches/0C3D3A2ED5CD0195F22749C22C5A3AD0/core/core.a(wiring_private.c.o)
                0x00000000000026e4                pinPeripheral
 .text._ZN5Print5writeEPKhj
                0x00000000000027f8       0x28 /private/var/folders/1r/fqklkkzx6z5cg_jx0vd7xybm0000gn/T/arduino/sketches/0C3D3A2ED5CD0195F22749C22C5A3AD0/core/core.a(Print.cpp.o)
                0x00000000000027f8                Print::write(unsigned char const*, unsigned int)
 .text.tickReset
                0x0000000000002820       0x20 /private/var/folders/1r/fqklkkzx6z5cg_jx0vd7xybm0000gn/T/arduino/sketches/0C3D3A2ED5CD0195F22749C22C5A3AD0/core/core.a(Reset.cpp.o)
                0x0000000000002820                tickReset
 .text._ZN10RingBufferC2Ev
                0x0000000000002840       0x1e /private/var/folders/1r/fqklkkzx6z5cg_jx0vd7xybm0000gn/T/arduino/sketches/0C3D3A2ED5CD0195F22749C22C5A3AD0/core/core.a(RingBuffer.cpp.o)
                0x0000000000002840                RingBuffer::RingBuffer()
                0x0000000000002840                RingBuffer::RingBuffer()
 .text._ZN10RingBuffer10store_charEh
                0x000000000000285e       0x1a /private/var/folders/1r/fqklkkzx6z5cg_jx0vd7xybm0000gn/T/arduino/sketches/0C3D3A2ED5CD0195F22749C22C5A3AD0/core/core.a(RingBuffer.cpp.o)
                0x000000000000285e                RingBuffer::store_char(unsigned char)
 .text._ZN10RingBuffer5clearEv
                0x0000000000002878        0x8 /private/var/folders/1r/fqklkkzx6z5cg_jx0vd7xybm0000gn/T/arduino/sketches/0C3D3A2ED5CD0195F22749C22C5A3AD0/core/core.a(RingBuffer.cpp.o)
                0x0000000000002878                RingBuffer::clear()
 .text._ZN10RingBuffer9read_charEv
                0x0000000000002880       0x22 /private/var/folders/1r/fqklkkzx6z5cg_jx0vd7xybm0000gn/T/arduino/sketches/0C3D3A2ED5CD0195F22749C22C5A3AD0/core/core.a(RingBuffer.cpp.o)
                0x0000000000002880                RingBuffer::read_char()
 .text._ZN10RingBuffer9availableEv
                0x00000000000028a2        0xc /private/var/folders/1r/fqklkkzx6z5cg_jx0vd7xybm0000gn/T/arduino/sketches/0C3D3A2ED5CD0195F22749C22C5A3AD0/core/core.a(RingBuffer.cpp.o)
                0x00000000000028a2                RingBuffer::available()
 .text._ZN10RingBuffer17availableForStoreEv
                0x00000000000028ae       0x1c /private/var/folders/1r/fqklkkzx6z5cg_jx0vd7xybm0000gn/T/arduino/sketches/0C3D3A2ED5CD0195F22749C22C5A3AD0/core/core.a(RingBuffer.cpp.o)
                0x00000000000028ae                RingBuffer::availableForStore()
 .text._ZN10RingBuffer4peekEv
                0x00000000000028ca       0x16 /private/var/folders/1r/fqklkkzx6z5cg_jx0vd7xybm0000gn/T/arduino/sketches/0C3D3A2ED5CD0195F22749C22C5A3AD0/core/core.a(RingBuffer.cpp.o)
                0x00000000000028ca                RingBuffer::peek()
 .text._ZN10RingBuffer6isFullEv
                0x00000000000028e0       0x14 /private/var/folders/1r/fqklkkzx6z5cg_jx0vd7xybm0000gn/T/arduino/sketches/0C3D3A2ED5CD0195F22749C22C5A3AD0/core/core.a(RingBuffer.cpp.o)
                0x00000000000028e0                RingBuffer::isFull()
 .text          0x00000000000028f4       0x14 /Users/elliot/Library/Arduino15/packages/arduino/tools/arm-none-eabi-gcc/4.8.3-2014q1/bin/../lib/gcc/arm-none-eabi/4.8.3/armv6-m/libgcc.a(_thumb1_case_uqi.o)
                0x00000000000028f4                __gnu_thumb1_case_uqi
 .text          0x0000000000002908       0x9c /Users/elliot/Library/Arduino15/packages/arduino/tools/arm-none-eabi-gcc/4.8.3-2014q1/bin/../lib/gcc/arm-none-eabi/4.8.3/armv6-m/libgcc.a(_udivsi3.o)
                0x0000000000002908                __udivsi3
                0x0000000000002908                __aeabi_uidiv
                0x0000000000002990                __aeabi_uidivmod
 .text          0x00000000000029a4        0x4 /Users/elliot/Library/Arduino15/packages/arduino/tools/arm-none-eabi-gcc/4.8.3-2014q1/bin/../lib/gcc/arm-none-eabi/4.8.3/armv6-m/libgcc.a(_dvmd_tls.o)
                0x00000000000029a4                __aeabi_ldiv0
                0x00000000000029a4                __aeabi_idiv0
 .text.__libc_init_array
                0x00000000000029a8       0x4c /Users/elliot/Library/Arduino15/packages/arduino/tools/arm-none-eabi-gcc/4.8.3-2014q1/bin/../lib/gcc/arm-none-eabi/4.8.3/../../../../arm-none-eabi/lib/armv6-m/libc_s.a(lib_a-init.o)
                0x00000000000029a8                __libc_init_array
 .text.malloc   0x00000000000029f4       0x14 /Users/elliot/Library/Arduino15/packages/arduino/tools/arm-none-eabi-gcc/4.8.3-2014q1/bin/../lib/gcc/arm-none-eabi/4.8.3/../../../../arm-none-eabi/lib/armv6-m/libc_s.a(lib_a-malloc.o)
                0x00000000000029f4                malloc
 .text.free     0x0000000000002a08       0x14 /Users/elliot/Library/Arduino15/packages/arduino/tools/arm-none-eabi-gcc/4.8.3-2014q1/bin/../lib/gcc/arm-none-eabi/4.8.3/../../../../arm-none-eabi/lib/armv6-m/libc_s.a(lib_a-malloc.o)
                0x0000000000002a08                free
 .text.memcpy   0x0000000000002a1c       0x12 /Users/elliot/Library/Arduino15/packages/arduino/tools/arm-none-eabi-gcc/4.8.3-2014q1/bin/../lib/gcc/arm-none-eabi/4.8.3/../../../../arm-none-eabi/lib/armv6-m/libc_s.a(lib_a-memcpy-stub.o)
                0x0000000000002a1c                memcpy
 .text.memset   0x0000000000002a2e       0x10 /Users/elliot/Library/Arduino15/packages/arduino/tools/arm-none-eabi-gcc/4.8.3-2014q1/bin/../lib/gcc/arm-none-eabi/4.8.3/../../../../arm-none-eabi/lib/armv6-m/libc_s.a(lib_a-memset.o)
                0x0000000000002a2e                memset
 *fill*         0x0000000000002a3e        0x2 
 .text._free_r  0x0000000000002a40       0x90 /Users/elliot/Library/Arduino15/packages/arduino/tools/arm-none-eabi-gcc/4.8.3-2014q1/bin/../lib/gcc/arm-none-eabi/4.8.3/../../../../arm-none-eabi/lib/armv6-m/libc_s.a(lib_a-nano-freer.o)
                0x0000000000002a40                _free_r
 .text._malloc_r
                0x0000000000002ad0       0xa8 /Users/elliot/Library/Arduino15/packages/arduino/tools/arm-none-eabi-gcc/4.8.3-2014q1/bin/../lib/gcc/arm-none-eabi/4.8.3/../../../../arm-none-eabi/lib/armv6-m/libc_s.a(lib_a-nano-mallocr.o)
                0x0000000000002ad0                _malloc_r
 .text._sbrk_r  0x0000000000002b78       0x24 /Users/elliot/Library/Arduino15/packages/arduino/tools/arm-none-eabi-gcc/4.8.3-2014q1/bin/../lib/gcc/arm-none-eabi/4.8.3/../../../../arm-none-eabi/lib/armv6-m/libc_s.a(lib_a-sbrkr.o)
                0x0000000000002b78                _sbrk_r
 .text.strlen   0x0000000000002b9c        0xe /Users/elliot/Library/Arduino15/packages/arduino/tools/arm-none-eabi-gcc/4.8.3-2014q1/bin/../lib/gcc/arm-none-eabi/4.8.3/../../../../arm-none-eabi/lib/armv6-m/libc_s.a(lib_a-strlen.o)
                0x0000000000002b9c                strlen
 *fill*         0x0000000000002baa        0x2 
 .text._sbrk    0x0000000000002bac       0x34 /Users/elliot/Library/Arduino15/packages/arduino/tools/arm-none-eabi-gcc/4.8.3-2014q1/bin/../lib/gcc/arm-none-eabi/4.8.3/../../../../arm-none-eabi/lib/armv6-m/libnosys.a(sbrk.o)
                0x0000000000002bac                _sbrk
 *(.init)
 .init          0x0000000000002be0        0x4 /Users/elliot/Library/Arduino15/packages/arduino/tools/arm-none-eabi-gcc/4.8.3-2014q1/bin/../lib/gcc/arm-none-eabi/4.8.3/armv6-m/crti.o
                0x0000000000002be0                _init
 .init          0x0000000000002be4        0x8 /Users/elliot/Library/Arduino15/packages/arduino/tools/arm-none-eabi-gcc/4.8.3-2014q1/bin/../lib/gcc/arm-none-eabi/4.8.3/armv6-m/crtn.o
 *(.fini)
 .fini          0x0000000000002bec        0x4 /Users/elliot/Library/Arduino15/packages/arduino/tools/arm-none-eabi-gcc/4.8.3-2014q1/bin/../lib/gcc/arm-none-eabi/4.8.3/armv6-m/crti.o
                0x0000000000002bec                _fini
 .fini          0x0000000000002bf0        0x8 /Users/elliot/Library/Arduino15/packages/arduino/tools/arm-none-eabi-gcc/4.8.3-2014q1/bin/../lib/gcc/arm-none-eabi/4.8.3/armv6-m/crtn.o
 *crtbegin.o(.ctors)
 *crtbegin?.o(.ctors)
 *(EXCLUDE_FILE(*crtend.o *crtend?.o) .ctors)
 *(SORT(.ctors.*))
 *(.ctors)
 *crtbegin.o(.dtors)
 *crtbegin?.o(.dtors)
 *(EXCLUDE_FILE(*crtend.o *crtend?.o) .dtors)
 *(SORT(.dtors.*))
 *(.dtors)
 *(.rodata*)
 .rodata._ZN12_GLOBAL__N_1L9crc_tableE
                0x0000000000002bf8      0x200 /private/var/folders/1r/fqklkkzx6z5cg_jx0vd7xybm0000gn/T/arduino/sketches/0C3D3A2ED5CD0195F22749C22C5A3AD0/sketch/crc16.cpp.o
 .rodata.g_APinDescription
                0x0000000000002df8       0x1c /private/var/folders/1r/fqklkkzx6z5cg_jx0vd7xybm0000gn/T/arduino/sketches/0C3D3A2ED5CD0195F22749C22C5A3AD0/core/variant.cpp.o
                0x0000000000002df8                g_APinDescription
 *fill*         0x0000000000002e14        0x4 
 .rodata._ZTV7Serial_
                0x0000000000002e18       0x28 /private/var/folders/1r/fqklkkzx6z5cg_jx0vd7xybm0000gn/T/arduino/sketches/0C3D3A2ED5CD0195F22749C22C5A3AD0/core/core.a(CDC.cpp.o)
                0x0000000000002e18                vtable for Serial_
 .rodata._ZTV26DoubleBufferedEPOutHandler
                0x0000000000002e40       0x28 /private/var/folders/1r/fqklkkzx6z5cg_jx0vd7xybm0000gn/T/arduino/sketches/0C3D3A2ED5CD0195F22749C22C5A3AD0/core/core.a(USBCore.cpp.o)
                0x0000000000002e40                vtable for DoubleBufferedEPOutHandler
 .rodata._ZL19STRING_MANUFACTURER
                0x0000000000002e68        0xc /private/var/folders/1r/fqklkkzx6z5cg_jx0vd7xybm0000gn/T/arduino/sketches/0C3D3A2ED5CD0195F22749C22C5A3AD0/core/core.a(USBCore.cpp.o)
 .rodata._ZL15STRING_LANGUAGE
                0x0000000000002e74        0x4 /private/var/folders/1r/fqklkkzx6z5cg_jx0vd7xybm0000gn/T/arduino/sketches/0C3D3A2ED5CD0195F22749C22C5A3AD0/core/core.a(USBCore.cpp.o)
 .rodata._ZL21USB_DeviceDescriptorC
                0x0000000000002e78       0x12 /private/var/folders/1r/fqklkkzx6z5cg_jx0vd7xybm0000gn/T/arduino/sketches/0C3D3A2ED5CD0195F22749C22C5A3AD0/core/core.a(USBCore.cpp.o)
 .rodata._ZL14STRING_PRODUCT
                0x0000000000002e8a       0x13 /private/var/folders/1r/fqklkkzx6z5cg_jx0vd7xybm0000gn/T/arduino/sketches/0C3D3A2ED5CD0195F22749C22C5A3AD0/core/core.a(USBCore.cpp.o)
 *fill*         0x0000000000002e9d        0x3 
 .rodata._ZTV4Uart
                0x0000000000002ea0       0x38 /private/var/folders/1r/fqklkkzx6z5cg_jx0vd7xybm0000gn/T/arduino/sketches/0C3D3A2ED5CD0195F22749C22C5A3AD0/core/core.a(Uart.cpp.o)
                0x0000000000002ea0                vtable for Uart
 .rodata.str1.1
                0x0000000000002ed8        0x2 /Users/elliot/Library/Arduino15/packages/arduino/tools/arm-none-eabi-gcc/4.8.3-2014q1/bin/../lib/gcc/arm-none-eabi/4.8.3/../../../../arm-none-eabi/lib/armv6-m/libc_s.a(lib_a-impure.o)
 *(.eh_frame*)
 *fill*         0x0000000000002eda        0x2 
 .eh_frame      0x0000000000002edc        0x0 /Users/elliot/Library/Arduino15/packages/arduino/tools/arm-none-eabi-gcc/4.8.3-2014q1/bin/../lib/gcc/arm-none-eabi/4.8.3/armv6-m/crtbegin.o
 .eh_frame      0x0000000000002edc        0x4 /Users/elliot/Library/Arduino15/packages/arduino/tools/arm-none-eabi-gcc/4.8.3-2014q1/bin/../lib/gcc/arm-none-eabi/4.8.3/armv6-m/crtend.o

.glue_7         0x0000000000002ee0        0x0
 .glue_7        0x0000000000000000        0x0 linker stubs

.glue_7t        0x0000000000002ee0        0x0
 .glue_7t       0x0000000000000000        0x0 linker stubs

.vfp11_veneer   0x0000000000002ee0        0x0
 .vfp11_veneer  0x0000000000000000        0x0 linker stubs

.v4_bx          0x0000000000002ee0        0x0
 .v4_bx         0x0000000000000000        0x0 linker stubs

.iplt           0x0000000000002ee0        0x0
 .iplt          0x0000000000000000        0x0 /Users/elliot/Library/Arduino15/packages/arduino/tools/arm-none-eabi-gcc/4.8.3-2014q1/bin/../lib/gcc/arm-none-eabi/4.8.3/armv6-m/crtbegin.o

.rel.dyn        0x0000000000002ee0        0x0
 .rel.iplt      0x0000000000000000        0x0 /Users/elliot/Library/Arduino15/packages/arduino/tools/arm-none-eabi-gcc/4.8.3-2014q1/bin/../lib/gcc/arm-none-eabi/4.8.3/armv6-m/crtbegin.o

.ARM.extab
 *(.ARM.extab* .gnu.linkonce.armextab.*)
                0x0000000000002ee0                __exidx_start = .

.ARM.exidx
 *(.ARM.exidx* .gnu.linkonce.armexidx.*)
                0x0000000000002ee0                __exidx_end = .
                0x0000000000002ee0                __etext = .

.data           0x0000000020000000      0x180 load address 0x0000000000002ee0
                0x0000000020000000                __data_start__ = .
 *(vtable)
 *(.ramfunc*)
 .ramfunc       0x0000000020000000       0x5c /private/var/folders/1r/fqklkkzx6z5cg_jx0vd7xybm0000gn/T/arduino/sketches/0C3D3A2ED5CD0195F22749C22C5A3AD0/core/core.a(Reset.cpp.o)
                0x0000000020000000                banzai
 *(.data*)
 .data._ZN5JTAG28sgn_respE
                0x000000002000005c       0x1d /private/var/folders/1r/fqklkkzx6z5cg_jx0vd7xybm0000gn/T/arduino/sketches/0C3D3A2ED5CD0195F22749C22C5A3AD0/sketch/JTAG2.cpp.o
                0x000000002000005c                JTAG2::sgn_resp
 .data.stopbits
                0x0000000020000079        0x1 /private/var/folders/1r/fqklkkzx6z5cg_jx0vd7xybm0000gn/T/arduino/sketches/0C3D3A2ED5CD0195F22749C22C5A3AD0/sketch/MuxTO.ino.cpp.o
                0x0000000020000079                stopbits
 .data.serial_mode
                0x000000002000007a        0x2 /private/var/folders/1r/fqklkkzx6z5cg_jx0vd7xybm0000gn/T/arduino/sketches/0C3D3A2ED5CD0195F22749C22C5A3AD0/sketch/MuxTO.ino.cpp.o
                0x000000002000007a                serial_mode
 .data.numbits  0x000000002000007c        0x1 /private/var/folders/1r/fqklkkzx6z5cg_jx0vd7xybm0000gn/T/arduino/sketches/0C3D3A2ED5CD0195F22749C22C5A3AD0/sketch/MuxTO.ino.cpp.o
                0x000000002000007c                numbits
 .data.dtr      0x000000002000007d        0x1 /private/var/folders/1r/fqklkkzx6z5cg_jx0vd7xybm0000gn/T/arduino/sketches/0C3D3A2ED5CD0195F22749C22C5A3AD0/sketch/MuxTO.ino.cpp.o
                0x000000002000007d                dtr
 *fill*         0x000000002000007e        0x2 
 .data.baudrate
                0x0000000020000080        0x4 /private/var/folders/1r/fqklkkzx6z5cg_jx0vd7xybm0000gn/T/arduino/sketches/0C3D3A2ED5CD0195F22749C22C5A3AD0/sketch/MuxTO.ino.cpp.o
                0x0000000020000080                baudrate
 .data._ZN4UPDI10Chip_EraseE
                0x0000000020000084        0x8 /private/var/folders/1r/fqklkkzx6z5cg_jx0vd7xybm0000gn/T/arduino/sketches/0C3D3A2ED5CD0195F22749C22C5A3AD0/sketch/UPDI_lo_lvl.cpp.o
                0x0000000020000084                UPDI::Chip_Erase
 .data._ZN4UPDI8NVM_ProgE
                0x000000002000008c        0x8 /private/var/folders/1r/fqklkkzx6z5cg_jx0vd7xybm0000gn/T/arduino/sketches/0C3D3A2ED5CD0195F22749C22C5A3AD0/sketch/UPDI_lo_lvl.cpp.o
                0x000000002000008c                UPDI::NVM_Prog
 .data.SercomClock
                0x0000000020000094        0x4 /private/var/folders/1r/fqklkkzx6z5cg_jx0vd7xybm0000gn/T/arduino/sketches/0C3D3A2ED5CD0195F22749C22C5A3AD0/core/core.a(SERCOM.cpp.o)
                0x0000000020000094                SercomClock
 .data._ZL12_usbLineInfo
                0x0000000020000098        0x8 /private/var/folders/1r/fqklkkzx6z5cg_jx0vd7xybm0000gn/T/arduino/sketches/0C3D3A2ED5CD0195F22749C22C5A3AD0/core/core.a(CDC.cpp.o)
 .data._ZL10breakValue
                0x00000000200000a0        0x4 /private/var/folders/1r/fqklkkzx6z5cg_jx0vd7xybm0000gn/T/arduino/sketches/0C3D3A2ED5CD0195F22749C22C5A3AD0/core/core.a(CDC.cpp.o)
 .data._ZL13_cdcInterface
                0x00000000200000a4       0x3a /private/var/folders/1r/fqklkkzx6z5cg_jx0vd7xybm0000gn/T/arduino/sketches/0C3D3A2ED5CD0195F22749C22C5A3AD0/core/core.a(CDC.cpp.o)
 *fill*         0x00000000200000de        0x2 
 .data._serialPeek
                0x00000000200000e0        0x4 /private/var/folders/1r/fqklkkzx6z5cg_jx0vd7xybm0000gn/T/arduino/sketches/0C3D3A2ED5CD0195F22749C22C5A3AD0/core/core.a(CDC.cpp.o)
                0x00000000200000e0                _serialPeek
 .data.EndPoints
                0x00000000200000e4       0x10 /private/var/folders/1r/fqklkkzx6z5cg_jx0vd7xybm0000gn/T/arduino/sketches/0C3D3A2ED5CD0195F22749C22C5A3AD0/core/core.a(USBCore.cpp.o)
                0x00000000200000e4                EndPoints
 .data.SystemCoreClock
                0x00000000200000f4        0x4 /private/var/folders/1r/fqklkkzx6z5cg_jx0vd7xybm0000gn/T/arduino/sketches/0C3D3A2ED5CD0195F22749C22C5A3AD0/core/core.a(wiring.c.o)
                0x00000000200000f4                SystemCoreClock
 .data._ZL5ticks
                0x00000000200000f8        0x4 /private/var/folders/1r/fqklkkzx6z5cg_jx0vd7xybm0000gn/T/arduino/sketches/0C3D3A2ED5CD0195F22749C22C5A3AD0/core/core.a(Reset.cpp.o)
 .data.impure_data
                0x00000000200000fc       0x60 /Users/elliot/Library/Arduino15/packages/arduino/tools/arm-none-eabi-gcc/4.8.3-2014q1/bin/../lib/gcc/arm-none-eabi/4.8.3/../../../../arm-none-eabi/lib/armv6-m/libc_s.a(lib_a-impure.o)
 .data._impure_ptr
                0x000000002000015c        0x4 /Users/elliot/Library/Arduino15/packages/arduino/tools/arm-none-eabi-gcc/4.8.3-2014q1/bin/../lib/gcc/arm-none-eabi/4.8.3/../../../../arm-none-eabi/lib/armv6-m/libc_s.a(lib_a-impure.o)
                0x000000002000015c                _impure_ptr
                0x0000000020000160                . = ALIGN (0x4)
                0x0000000020000160                PROVIDE (__preinit_array_start, .)
 *(.preinit_array)
                0x0000000020000160                PROVIDE (__preinit_array_end, .)
                0x0000000020000160                . = ALIGN (0x4)
                0x0000000020000160                PROVIDE (__init_array_start, .)
 *(SORT(.init_array.*))
 *(.init_array)
 .init_array    0x0000000020000160        0x4 /Users/elliot/Library/Arduino15/packages/arduino/tools/arm-none-eabi-gcc/4.8.3-2014q1/bin/../lib/gcc/arm-none-eabi/4.8.3/armv6-m/crtbegin.o
 .init_array    0x0000000020000164        0x4 /private/var/folders/1r/fqklkkzx6z5cg_jx0vd7xybm0000gn/T/arduino/sketches/0C3D3A2ED5CD0195F22749C22C5A3AD0/core/variant.cpp.o
 .init_array    0x0000000020000168        0x4 /private/var/folders/1r/fqklkkzx6z5cg_jx0vd7xybm0000gn/T/arduino/sketches/0C3D3A2ED5CD0195F22749C22C5A3AD0/core/core.a(CDC.cpp.o)
 .init_array    0x000000002000016c        0x4 /private/var/folders/1r/fqklkkzx6z5cg_jx0vd7xybm0000gn/T/arduino/sketches/0C3D3A2ED5CD0195F22749C22C5A3AD0/core/core.a(USBCore.cpp.o)
                0x0000000020000170                PROVIDE (__init_array_end, .)
                0x0000000020000170                . = ALIGN (0x4)
                0x0000000020000170                PROVIDE (__fini_array_start, .)
 *(SORT(.fini_array.*))
 *(.fini_array)
 .fini_array    0x0000000020000170        0x4 /Users/elliot/Library/Arduino15/packages/arduino/tools/arm-none-eabi-gcc/4.8.3-2014q1/bin/../lib/gcc/arm-none-eabi/4.8.3/armv6-m/crtbegin.o
                0x0000000020000174                PROVIDE (__fini_array_end, .)
 *(.jcr*)
 .jcr           0x0000000020000174        0x0 /Users/elliot/Library/Arduino15/packages/arduino/tools/arm-none-eabi-gcc/4.8.3-2014q1/bin/../lib/gcc/arm-none-eabi/4.8.3/armv6-m/crtbegin.o
 .jcr           0x0000000020000174        0x4 /Users/elliot/Library/Arduino15/packages/arduino/tools/arm-none-eabi-gcc/4.8.3-2014q1/bin/../lib/gcc/arm-none-eabi/4.8.3/armv6-m/crtend.o
                0x0000000020000180                . = ALIGN (0x10)
 *fill*         0x0000000020000178        0x8 
                0x0000000020000180                __data_end__ = .

.igot.plt       0x0000000020000180        0x0 load address 0x0000000000003060
 .igot.plt      0x0000000000000000        0x0 /Users/elliot/Library/Arduino15/packages/arduino/tools/arm-none-eabi-gcc/4.8.3-2014q1/bin/../lib/gcc/arm-none-eabi/4.8.3/armv6-m/crtbegin.o

.bss            0x0000000020000180      0x6c0 load address 0x0000000000003060
                0x0000000020000180                . = ALIGN (0x4)
                0x0000000020000180                __bss_start__ = .
 *(.bss*)
 .bss           0x0000000020000180       0x1c /Users/elliot/Library/Arduino15/packages/arduino/tools/arm-none-eabi-gcc/4.8.3-2014q1/bin/../lib/gcc/arm-none-eabi/4.8.3/armv6-m/crtbegin.o
 .bss._ZN5JTAG26packetE
                0x000000002000019c      0x1c8 /private/var/folders/1r/fqklkkzx6z5cg_jx0vd7xybm0000gn/T/arduino/sketches/0C3D3A2ED5CD0195F22749C22C5A3AD0/sketch/JTAG2.cpp.o
                0x000000002000019c                JTAG2::packet
 .bss._ZN5JTAG219PARAM_BAUD_RATE_VALE
                0x0000000020000364        0x1 /private/var/folders/1r/fqklkkzx6z5cg_jx0vd7xybm0000gn/T/arduino/sketches/0C3D3A2ED5CD0195F22749C22C5A3AD0/sketch/JTAG2.cpp.o
                0x0000000020000364                JTAG2::PARAM_BAUD_RATE_VAL
 .bss._ZN5JTAG218PARAM_EMU_MODE_VALE
                0x0000000020000365        0x1 /private/var/folders/1r/fqklkkzx6z5cg_jx0vd7xybm0000gn/T/arduino/sketches/0C3D3A2ED5CD0195F22749C22C5A3AD0/sketch/JTAG2.cpp.o
                0x0000000020000365                JTAG2::PARAM_EMU_MODE_VAL
 .bss._ZN12_GLOBAL__N_114flash_pagesizeE
                0x0000000020000366        0x1 /private/var/folders/1r/fqklkkzx6z5cg_jx0vd7xybm0000gn/T/arduino/sketches/0C3D3A2ED5CD0195F22749C22C5A3AD0/sketch/JTAG2.cpp.o
 .bss._ZN12_GLOBAL__N_115eeprom_pagesizeE
                0x0000000020000367        0x1 /private/var/folders/1r/fqklkkzx6z5cg_jx0vd7xybm0000gn/T/arduino/sketches/0C3D3A2ED5CD0195F22749C22C5A3AD0/sketch/JTAG2.cpp.o
 .bss.updi_mode_end
                0x0000000020000368        0x4 /private/var/folders/1r/fqklkkzx6z5cg_jx0vd7xybm0000gn/T/arduino/sketches/0C3D3A2ED5CD0195F22749C22C5A3AD0/sketch/MuxTO.ino.cpp.o
                0x0000000020000368                updi_mode_end
 .bss.updi_mode_start
                0x000000002000036c        0x4 /private/var/folders/1r/fqklkkzx6z5cg_jx0vd7xybm0000gn/T/arduino/sketches/0C3D3A2ED5CD0195F22749C22C5A3AD0/sketch/MuxTO.ino.cpp.o
                0x000000002000036c                updi_mode_start
 .bss.serialNeedReconfiguration
                0x0000000020000370        0x1 /private/var/folders/1r/fqklkkzx6z5cg_jx0vd7xybm0000gn/T/arduino/sketches/0C3D3A2ED5CD0195F22749C22C5A3AD0/sketch/MuxTO.ino.cpp.o
                0x0000000020000370                serialNeedReconfiguration
 *fill*         0x0000000020000371        0x3 
 .bss.q         0x0000000020000374        0x4 /private/var/folders/1r/fqklkkzx6z5cg_jx0vd7xybm0000gn/T/arduino/sketches/0C3D3A2ED5CD0195F22749C22C5A3AD0/sketch/MuxTO.ino.cpp.o
                0x0000000020000374                q
 .bss.updi_mode
                0x0000000020000378        0x1 /private/var/folders/1r/fqklkkzx6z5cg_jx0vd7xybm0000gn/T/arduino/sketches/0C3D3A2ED5CD0195F22749C22C5A3AD0/sketch/MuxTO.ino.cpp.o
                0x0000000020000378                updi_mode
 .bss.support_buffer
                0x0000000020000379       0x40 /private/var/folders/1r/fqklkkzx6z5cg_jx0vd7xybm0000gn/T/arduino/sketches/0C3D3A2ED5CD0195F22749C22C5A3AD0/sketch/MuxTO.ino.cpp.o
                0x0000000020000379                support_buffer
 .bss.paritytype
                0x00000000200003b9        0x1 /private/var/folders/1r/fqklkkzx6z5cg_jx0vd7xybm0000gn/T/arduino/sketches/0C3D3A2ED5CD0195F22749C22C5A3AD0/sketch/MuxTO.ino.cpp.o
                0x00000000200003b9                paritytype
 *fill*         0x00000000200003ba        0x2 
 .bss.Serial1   0x00000000200003bc       0x44 /private/var/folders/1r/fqklkkzx6z5cg_jx0vd7xybm0000gn/T/arduino/sketches/0C3D3A2ED5CD0195F22749C22C5A3AD0/core/variant.cpp.o
                0x00000000200003bc                Serial1
 .bss.Serial2   0x0000000020000400       0x44 /private/var/folders/1r/fqklkkzx6z5cg_jx0vd7xybm0000gn/T/arduino/sketches/0C3D3A2ED5CD0195F22749C22C5A3AD0/core/variant.cpp.o
                0x0000000020000400                Serial2
 .bss.sercom0   0x0000000020000444        0x4 /private/var/folders/1r/fqklkkzx6z5cg_jx0vd7xybm0000gn/T/arduino/sketches/0C3D3A2ED5CD0195F22749C22C5A3AD0/core/variant.cpp.o
                0x0000000020000444                sercom0
 .bss.sercom1   0x0000000020000448        0x4 /private/var/folders/1r/fqklkkzx6z5cg_jx0vd7xybm0000gn/T/arduino/sketches/0C3D3A2ED5CD0195F22749C22C5A3AD0/core/variant.cpp.o
                0x0000000020000448                sercom1
 .bss.SerialUSB
                0x000000002000044c       0x1c /private/var/folders/1r/fqklkkzx6z5cg_jx0vd7xybm0000gn/T/arduino/sketches/0C3D3A2ED5CD0195F22749C22C5A3AD0/core/core.a(CDC.cpp.o)
                0x000000002000044c                SerialUSB
 .bss._ZL14isEndpointHalt
                0x0000000020000468        0x1 /private/var/folders/1r/fqklkkzx6z5cg_jx0vd7xybm0000gn/T/arduino/sketches/0C3D3A2ED5CD0195F22749C22C5A3AD0/core/core.a(USBCore.cpp.o)
 .bss._pack_buffer
                0x0000000020000469      0x100 /private/var/folders/1r/fqklkkzx6z5cg_jx0vd7xybm0000gn/T/arduino/sketches/0C3D3A2ED5CD0195F22749C22C5A3AD0/core/core.a(USBCore.cpp.o)
                0x0000000020000469                _pack_buffer
 *fill*         0x0000000020000569        0x1 
 .bss._pack_size
                0x000000002000056a        0x2 /private/var/folders/1r/fqklkkzx6z5cg_jx0vd7xybm0000gn/T/arduino/sketches/0C3D3A2ED5CD0195F22749C22C5A3AD0/core/core.a(USBCore.cpp.o)
                0x000000002000056a                _pack_size
 .bss._ZL20LastTransmitTimedOut
                0x000000002000056c        0x7 /private/var/folders/1r/fqklkkzx6z5cg_jx0vd7xybm0000gn/T/arduino/sketches/0C3D3A2ED5CD0195F22749C22C5A3AD0/core/core.a(USBCore.cpp.o)
 *fill*         0x0000000020000573        0x1 
 .bss._ZL22udd_ep_in_cache_buffer
                0x0000000020000574       0xc0 /private/var/folders/1r/fqklkkzx6z5cg_jx0vd7xybm0000gn/T/arduino/sketches/0C3D3A2ED5CD0195F22749C22C5A3AD0/core/core.a(USBCore.cpp.o)
 .bss._ZL10txLEDPulse
                0x0000000020000634        0x1 /private/var/folders/1r/fqklkkzx6z5cg_jx0vd7xybm0000gn/T/arduino/sketches/0C3D3A2ED5CD0195F22749C22C5A3AD0/core/core.a(USBCore.cpp.o)
 *fill*         0x0000000020000635        0x3 
 .bss._ZL23udd_ep_out_cache_buffer
                0x0000000020000638       0xc0 /private/var/folders/1r/fqklkkzx6z5cg_jx0vd7xybm0000gn/T/arduino/sketches/0C3D3A2ED5CD0195F22749C22C5A3AD0/core/core.a(USBCore.cpp.o)
 .bss._ZL10epHandlers
                0x00000000200006f8       0x1c /private/var/folders/1r/fqklkkzx6z5cg_jx0vd7xybm0000gn/T/arduino/sketches/0C3D3A2ED5CD0195F22749C22C5A3AD0/core/core.a(USBCore.cpp.o)
 .bss._pack_message
                0x0000000020000714        0x1 /private/var/folders/1r/fqklkkzx6z5cg_jx0vd7xybm0000gn/T/arduino/sketches/0C3D3A2ED5CD0195F22749C22C5A3AD0/core/core.a(USBCore.cpp.o)
                0x0000000020000714                _pack_message
 .bss._ZL21isRemoteWakeUpEnabled
                0x0000000020000715        0x1 /private/var/folders/1r/fqklkkzx6z5cg_jx0vd7xybm0000gn/T/arduino/sketches/0C3D3A2ED5CD0195F22749C22C5A3AD0/core/core.a(USBCore.cpp.o)
 .bss._dry_run  0x0000000020000716        0x1 /private/var/folders/1r/fqklkkzx6z5cg_jx0vd7xybm0000gn/T/arduino/sketches/0C3D3A2ED5CD0195F22749C22C5A3AD0/core/core.a(USBCore.cpp.o)
                0x0000000020000716                _dry_run
 .bss.USBDevice
                0x0000000020000717        0x1 /private/var/folders/1r/fqklkkzx6z5cg_jx0vd7xybm0000gn/T/arduino/sketches/0C3D3A2ED5CD0195F22749C22C5A3AD0/core/core.a(USBCore.cpp.o)
                0x0000000020000717                USBDevice
 .bss._usbSetInterface
                0x0000000020000718        0x4 /private/var/folders/1r/fqklkkzx6z5cg_jx0vd7xybm0000gn/T/arduino/sketches/0C3D3A2ED5CD0195F22749C22C5A3AD0/core/core.a(USBCore.cpp.o)
                0x0000000020000718                _usbSetInterface
 .bss._ZL10rxLEDPulse
                0x000000002000071c        0x1 /private/var/folders/1r/fqklkkzx6z5cg_jx0vd7xybm0000gn/T/arduino/sketches/0C3D3A2ED5CD0195F22749C22C5A3AD0/core/core.a(USBCore.cpp.o)
 *fill*         0x000000002000071d        0x3 
 .bss.usbd      0x0000000020000720      0x104 /private/var/folders/1r/fqklkkzx6z5cg_jx0vd7xybm0000gn/T/arduino/sketches/0C3D3A2ED5CD0195F22749C22C5A3AD0/core/core.a(USBCore.cpp.o)
                0x0000000020000720                usbd
 .bss._usbConfiguration
                0x0000000020000824        0x4 /private/var/folders/1r/fqklkkzx6z5cg_jx0vd7xybm0000gn/T/arduino/sketches/0C3D3A2ED5CD0195F22749C22C5A3AD0/core/core.a(USBCore.cpp.o)
                0x0000000020000824                _usbConfiguration
 .bss.usb_isr   0x0000000020000828        0x4 /private/var/folders/1r/fqklkkzx6z5cg_jx0vd7xybm0000gn/T/arduino/sketches/0C3D3A2ED5CD0195F22749C22C5A3AD0/core/core.a(cortex_handlers.c.o)
 .bss._ulTickCount
                0x000000002000082c        0x4 /private/var/folders/1r/fqklkkzx6z5cg_jx0vd7xybm0000gn/T/arduino/sketches/0C3D3A2ED5CD0195F22749C22C5A3AD0/core/core.a(delay.c.o)
 .bss.__malloc_sbrk_start
                0x0000000020000830        0x4 /Users/elliot/Library/Arduino15/packages/arduino/tools/arm-none-eabi-gcc/4.8.3-2014q1/bin/../lib/gcc/arm-none-eabi/4.8.3/../../../../arm-none-eabi/lib/armv6-m/libc_s.a(lib_a-nano-mallocr.o)
                0x0000000020000830                __malloc_sbrk_start
 .bss.__malloc_free_list
                0x0000000020000834        0x4 /Users/elliot/Library/Arduino15/packages/arduino/tools/arm-none-eabi-gcc/4.8.3-2014q1/bin/../lib/gcc/arm-none-eabi/4.8.3/../../../../arm-none-eabi/lib/armv6-m/libc_s.a(lib_a-nano-mallocr.o)
                0x0000000020000834                __malloc_free_list
 .bss.heap_end.4243
                0x0000000020000838        0x4 /Users/elliot/Library/Arduino15/packages/arduino/tools/arm-none-eabi-gcc/4.8.3-2014q1/bin/../lib/gcc/arm-none-eabi/4.8.3/../../../../arm-none-eabi/lib/armv6-m/libnosys.a(sbrk.o)
 *(COMMON)
 COMMON         0x000000002000083c        0x4 /Users/elliot/Library/Arduino15/packages/arduino/tools/arm-none-eabi-gcc/4.8.3-2014q1/bin/../lib/gcc/arm-none-eabi/4.8.3/../../../../arm-none-eabi/lib/armv6-m/libc_s.a(lib_a-reent.o)
                0x000000002000083c                errno
                0x0000000020000840                . = ALIGN (0x4)
                0x0000000020000840                __bss_end__ = .

.heap           0x0000000020000840        0x0
                0x0000000020000840                __end__ = .
                0x0000000020000840                PROVIDE (end, .)
 *(.heap*)
                0x0000000020000840                __HeapLimit = .

.stack_dummy    0x0000000020000840        0x0
 *(.stack*)
                0x0000000020001000                __StackTop = (ORIGIN (RAM) + 0x1000)
                0x0000000020001000                __StackLimit = (__StackTop - SIZEOF (.stack_dummy))
                0x0000000020001000                PROVIDE (__stack, __StackTop)
                0x0000000020000fff                __ram_end__ = ((ORIGIN (RAM) + 0x1000) - 0x1)
                0x0000000000000001                ASSERT ((__StackLimit >= __HeapLimit), region RAM overflowed with stack)
OUTPUT(/private/var/folders/1r/fqklkkzx6z5cg_jx0vd7xybm0000gn/T/arduino/sketches/0C3D3A2ED5CD0195F22749C22C5A3AD0/MuxTO.ino.elf elf32-littlearm)

.ARM.attributes
                0x0000000000000000       0x28
 .ARM.attributes
                0x0000000000000000       0x1e /Users/elliot/Library/Arduino15/packages/arduino/tools/arm-none-eabi-gcc/4.8.3-2014q1/bin/../lib/gcc/arm-none-eabi/4.8.3/armv6-m/crti.o
 .ARM.attributes
                0x000000000000001e       0x2c /Users/elliot/Library/Arduino15/packages/arduino/tools/arm-none-eabi-gcc/4.8.3-2014q1/bin/../lib/gcc/arm-none-eabi/4.8.3/armv6-m/crtbegin.o
 .ARM.attributes
                0x000000000000004a       0x32 /private/var/folders/1r/fqklkkzx6z5cg_jx0vd7xybm0000gn/T/arduino/sketches/0C3D3A2ED5CD0195F22749C22C5A3AD0/sketch/JICE_io.cpp.o
 .ARM.attributes
                0x000000000000007c       0x32 /private/var/folders/1r/fqklkkzx6z5cg_jx0vd7xybm0000gn/T/arduino/sketches/0C3D3A2ED5CD0195F22749C22C5A3AD0/sketch/JTAG2.cpp.o
 .ARM.attributes
                0x00000000000000ae       0x32 /private/var/folders/1r/fqklkkzx6z5cg_jx0vd7xybm0000gn/T/arduino/sketches/0C3D3A2ED5CD0195F22749C22C5A3AD0/sketch/MuxTO.ino.cpp.o
 .ARM.attributes
                0x00000000000000e0       0x32 /private/var/folders/1r/fqklkkzx6z5cg_jx0vd7xybm0000gn/T/arduino/sketches/0C3D3A2ED5CD0195F22749C22C5A3AD0/sketch/UPDI_hi_lvl.cpp.o
 .ARM.attributes
                0x0000000000000112       0x32 /private/var/folders/1r/fqklkkzx6z5cg_jx0vd7xybm0000gn/T/arduino/sketches/0C3D3A2ED5CD0195F22749C22C5A3AD0/sketch/UPDI_lo_lvl.cpp.o
 .ARM.attributes
                0x0000000000000144       0x32 /private/var/folders/1r/fqklkkzx6z5cg_jx0vd7xybm0000gn/T/arduino/sketches/0C3D3A2ED5CD0195F22749C22C5A3AD0/sketch/crc16.cpp.o
 .ARM.attributes
                0x0000000000000176       0x32 /private/var/folders/1r/fqklkkzx6z5cg_jx0vd7xybm0000gn/T/arduino/sketches/0C3D3A2ED5CD0195F22749C22C5A3AD0/sketch/updi_io.cpp.o
 .ARM.attributes
                0x00000000000001a8       0x32 /private/var/folders/1r/fqklkkzx6z5cg_jx0vd7xybm0000gn/T/arduino/sketches/0C3D3A2ED5CD0195F22749C22C5A3AD0/core/variant.cpp.o
 .ARM.attributes
                0x00000000000001da       0x32 /private/var/folders/1r/fqklkkzx6z5cg_jx0vd7xybm0000gn/T/arduino/sketches/0C3D3A2ED5CD0195F22749C22C5A3AD0/core/core.a(SERCOM.cpp.o)
 .ARM.attributes
                0x000000000000020c       0x32 /private/var/folders/1r/fqklkkzx6z5cg_jx0vd7xybm0000gn/T/arduino/sketches/0C3D3A2ED5CD0195F22749C22C5A3AD0/core/core.a(Stream.cpp.o)
 .ARM.attributes
                0x000000000000023e       0x32 /private/var/folders/1r/fqklkkzx6z5cg_jx0vd7xybm0000gn/T/arduino/sketches/0C3D3A2ED5CD0195F22749C22C5A3AD0/core/core.a(CDC.cpp.o)
 .ARM.attributes
                0x0000000000000270       0x32 /private/var/folders/1r/fqklkkzx6z5cg_jx0vd7xybm0000gn/T/arduino/sketches/0C3D3A2ED5CD0195F22749C22C5A3AD0/core/core.a(USBCore.cpp.o)
 .ARM.attributes
                0x00000000000002a2       0x32 /private/var/folders/1r/fqklkkzx6z5cg_jx0vd7xybm0000gn/T/arduino/sketches/0C3D3A2ED5CD0195F22749C22C5A3AD0/core/core.a(Uart.cpp.o)
 .ARM.attributes
                0x00000000000002d4       0x32 /private/var/folders/1r/fqklkkzx6z5cg_jx0vd7xybm0000gn/T/arduino/sketches/0C3D3A2ED5CD0195F22749C22C5A3AD0/core/core.a(cortex_handlers.c.o)
 .ARM.attributes
                0x0000000000000306       0x32 /private/var/folders/1r/fqklkkzx6z5cg_jx0vd7xybm0000gn/T/arduino/sketches/0C3D3A2ED5CD0195F22749C22C5A3AD0/core/core.a(delay.c.o)
 .ARM.attributes
                0x0000000000000338       0x32 /private/var/folders/1r/fqklkkzx6z5cg_jx0vd7xybm0000gn/T/arduino/sketches/0C3D3A2ED5CD0195F22749C22C5A3AD0/core/core.a(hooks.c.o)
 .ARM.attributes
                0x000000000000036a       0x32 /private/var/folders/1r/fqklkkzx6z5cg_jx0vd7xybm0000gn/T/arduino/sketches/0C3D3A2ED5CD0195F22749C22C5A3AD0/core/core.a(main.cpp.o)
 .ARM.attributes
                0x000000000000039c       0x32 /private/var/folders/1r/fqklkkzx6z5cg_jx0vd7xybm0000gn/T/arduino/sketches/0C3D3A2ED5CD0195F22749C22C5A3AD0/core/core.a(new.cpp.o)
 .ARM.attributes
                0x00000000000003ce       0x32 /private/var/folders/1r/fqklkkzx6z5cg_jx0vd7xybm0000gn/T/arduino/sketches/0C3D3A2ED5CD0195F22749C22C5A3AD0/core/core.a(startup.c.o)
 .ARM.attributes
                0x0000000000000400       0x32 /private/var/folders/1r/fqklkkzx6z5cg_jx0vd7xybm0000gn/T/arduino/sketches/0C3D3A2ED5CD0195F22749C22C5A3AD0/core/core.a(wiring.c.o)
 .ARM.attributes
                0x0000000000000432       0x32 /private/var/folders/1r/fqklkkzx6z5cg_jx0vd7xybm0000gn/T/arduino/sketches/0C3D3A2ED5CD0195F22749C22C5A3AD0/core/core.a(wiring_digital.c.o)
 .ARM.attributes
                0x0000000000000464       0x32 /private/var/folders/1r/fqklkkzx6z5cg_jx0vd7xybm0000gn/T/arduino/sketches/0C3D3A2ED5CD0195F22749C22C5A3AD0/core/core.a(wiring_private.c.o)
 .ARM.attributes
                0x0000000000000496       0x32 /private/var/folders/1r/fqklkkzx6z5cg_jx0vd7xybm0000gn/T/arduino/sketches/0C3D3A2ED5CD0195F22749C22C5A3AD0/core/core.a(Print.cpp.o)
 .ARM.attributes
                0x00000000000004c8       0x32 /private/var/folders/1r/fqklkkzx6z5cg_jx0vd7xybm0000gn/T/arduino/sketches/0C3D3A2ED5CD0195F22749C22C5A3AD0/core/core.a(Reset.cpp.o)
 .ARM.attributes
                0x00000000000004fa       0x32 /private/var/folders/1r/fqklkkzx6z5cg_jx0vd7xybm0000gn/T/arduino/sketches/0C3D3A2ED5CD0195F22749C22C5A3AD0/core/core.a(RingBuffer.cpp.o)
 .ARM.attributes
                0x000000000000052c       0x1e /Users/elliot/Library/Arduino15/packages/arduino/tools/arm-none-eabi-gcc/4.8.3-2014q1/bin/../lib/gcc/arm-none-eabi/4.8.3/armv6-m/libgcc.a(_thumb1_case_uqi.o)
 .ARM.attributes
                0x000000000000054a       0x1e /Users/elliot/Library/Arduino15/packages/arduino/tools/arm-none-eabi-gcc/4.8.3-2014q1/bin/../lib/gcc/arm-none-eabi/4.8.3/armv6-m/libgcc.a(_udivsi3.o)
 .ARM.attributes
                0x0000000000000568       0x1e /Users/elliot/Library/Arduino15/packages/arduino/tools/arm-none-eabi-gcc/4.8.3-2014q1/bin/../lib/gcc/arm-none-eabi/4.8.3/armv6-m/libgcc.a(_dvmd_tls.o)
 .ARM.attributes
                0x0000000000000586       0x2c /Users/elliot/Library/Arduino15/packages/arduino/tools/arm-none-eabi-gcc/4.8.3-2014q1/bin/../lib/gcc/arm-none-eabi/4.8.3/../../../../arm-none-eabi/lib/armv6-m/libc_s.a(lib_a-impure.o)
 .ARM.attributes
                0x00000000000005b2       0x2c /Users/elliot/Library/Arduino15/packages/arduino/tools/arm-none-eabi-gcc/4.8.3-2014q1/bin/../lib/gcc/arm-none-eabi/4.8.3/../../../../arm-none-eabi/lib/armv6-m/libc_s.a(lib_a-init.o)
 .ARM.attributes
                0x00000000000005de       0x2c /Users/elliot/Library/Arduino15/packages/arduino/tools/arm-none-eabi-gcc/4.8.3-2014q1/bin/../lib/gcc/arm-none-eabi/4.8.3/../../../../arm-none-eabi/lib/armv6-m/libc_s.a(lib_a-malloc.o)
 .ARM.attributes
                0x000000000000060a       0x2c /Users/elliot/Library/Arduino15/packages/arduino/tools/arm-none-eabi-gcc/4.8.3-2014q1/bin/../lib/gcc/arm-none-eabi/4.8.3/../../../../arm-none-eabi/lib/armv6-m/libc_s.a(lib_a-memcpy-stub.o)
 .ARM.attributes
                0x0000000000000636       0x2c /Users/elliot/Library/Arduino15/packages/arduino/tools/arm-none-eabi-gcc/4.8.3-2014q1/bin/../lib/gcc/arm-none-eabi/4.8.3/../../../../arm-none-eabi/lib/armv6-m/libc_s.a(lib_a-memset.o)
 .ARM.attributes
                0x0000000000000662       0x2c /Users/elliot/Library/Arduino15/packages/arduino/tools/arm-none-eabi-gcc/4.8.3-2014q1/bin/../lib/gcc/arm-none-eabi/4.8.3/../../../../arm-none-eabi/lib/armv6-m/libc_s.a(lib_a-nano-freer.o)
 .ARM.attributes
                0x000000000000068e       0x2c /Users/elliot/Library/Arduino15/packages/arduino/tools/arm-none-eabi-gcc/4.8.3-2014q1/bin/../lib/gcc/arm-none-eabi/4.8.3/../../../../arm-none-eabi/lib/armv6-m/libc_s.a(lib_a-nano-mallocr.o)
 .ARM.attributes
                0x00000000000006ba       0x2c /Users/elliot/Library/Arduino15/packages/arduino/tools/arm-none-eabi-gcc/4.8.3-2014q1/bin/../lib/gcc/arm-none-eabi/4.8.3/../../../../arm-none-eabi/lib/armv6-m/libc_s.a(lib_a-sbrkr.o)
 .ARM.attributes
                0x00000000000006e6       0x2c /Users/elliot/Library/Arduino15/packages/arduino/tools/arm-none-eabi-gcc/4.8.3-2014q1/bin/../lib/gcc/arm-none-eabi/4.8.3/../../../../arm-none-eabi/lib/armv6-m/libc_s.a(lib_a-strlen.o)
 .ARM.attributes
                0x0000000000000712       0x2c /Users/elliot/Library/Arduino15/packages/arduino/tools/arm-none-eabi-gcc/4.8.3-2014q1/bin/../lib/gcc/arm-none-eabi/4.8.3/../../../../arm-none-eabi/lib/armv6-m/libc_s.a(lib_a-reent.o)
 .ARM.attributes
                0x000000000000073e       0x2c /Users/elliot/Library/Arduino15/packages/arduino/tools/arm-none-eabi-gcc/4.8.3-2014q1/bin/../lib/gcc/arm-none-eabi/4.8.3/../../../../arm-none-eabi/lib/armv6-m/libnosys.a(sbrk.o)
 .ARM.attributes
                0x000000000000076a       0x2c /Users/elliot/Library/Arduino15/packages/arduino/tools/arm-none-eabi-gcc/4.8.3-2014q1/bin/../lib/gcc/arm-none-eabi/4.8.3/armv6-m/crtend.o
 .ARM.attributes
                0x0000000000000796       0x1e /Users/elliot/Library/Arduino15/packages/arduino/tools/arm-none-eabi-gcc/4.8.3-2014q1/bin/../lib/gcc/arm-none-eabi/4.8.3/armv6-m/crtn.o

.comment        0x0000000000000000       0x70
 .comment       0x0000000000000000       0x70 /private/var/folders/1r/fqklkkzx6z5cg_jx0vd7xybm0000gn/T/arduino/sketches/0C3D3A2ED5CD0195F22749C22C5A3AD0/sketch/JICE_io.cpp.o
                                         0x71 (size before relaxing)
 .comment       0x0000000000000000       0x71 /private/var/folders/1r/fqklkkzx6z5cg_jx0vd7xybm0000gn/T/arduino/sketches/0C3D3A2ED5CD0195F22749C22C5A3AD0/sketch/JTAG2.cpp.o
 .comment       0x0000000000000000       0x71 /private/var/folders/1r/fqklkkzx6z5cg_jx0vd7xybm0000gn/T/arduino/sketches/0C3D3A2ED5CD0195F22749C22C5A3AD0/sketch/MuxTO.ino.cpp.o
 .comment       0x0000000000000000       0x71 /private/var/folders/1r/fqklkkzx6z5cg_jx0vd7xybm0000gn/T/arduino/sketches/0C3D3A2ED5CD0195F22749C22C5A3AD0/sketch/UPDI_hi_lvl.cpp.o
 .comment       0x0000000000000000       0x71 /private/var/folders/1r/fqklkkzx6z5cg_jx0vd7xybm0000gn/T/arduino/sketches/0C3D3A2ED5CD0195F22749C22C5A3AD0/sketch/UPDI_lo_lvl.cpp.o
 .comment       0x0000000000000000       0x71 /private/var/folders/1r/fqklkkzx6z5cg_jx0vd7xybm0000gn/T/arduino/sketches/0C3D3A2ED5CD0195F22749C22C5A3AD0/sketch/crc16.cpp.o
 .comment       0x0000000000000000       0x71 /private/var/folders/1r/fqklkkzx6z5cg_jx0vd7xybm0000gn/T/arduino/sketches/0C3D3A2ED5CD0195F22749C22C5A3AD0/sketch/updi_io.cpp.o
 .comment       0x0000000000000000       0x71 /private/var/folders/1r/fqklkkzx6z5cg_jx0vd7xybm0000gn/T/arduino/sketches/0C3D3A2ED5CD0195F22749C22C5A3AD0/core/variant.cpp.o
 .comment       0x0000000000000000       0x71 /private/var/folders/1r/fqklkkzx6z5cg_jx0vd7xybm0000gn/T/arduino/sketches/0C3D3A2ED5CD0195F22749C22C5A3AD0/core/core.a(SERCOM.cpp.o)